23:11:32 **** Incremental Build of configuration Debug for project STM32_mainmodule ****
make -j24 all 
arm-none-eabi-gcc "../Core/Src/main.c" -mcpu=cortex-m4 -std=gnu11 -g3 -DDEBUG -DUSE_HAL_DRIVER -DSTM32F411xE -c -I../Core/Inc -I"C:/University/2026-Summer/Project/ARTP/firmware/stm32_firmware/STM32_mainmodule/STM32_mainmodule/Drivers/OLED" -I../Drivers/STM32F4xx_HAL_Driver/Inc -I../Drivers/STM32F4xx_HAL_Driver/Inc/Legacy -I../Drivers/CMSIS/Device/ST/STM32F4xx/Include -I../Drivers/CMSIS/Include -O0 -ffunction-sections -fdata-sections -Wall -fstack-usage -fcyclomatic-complexity -MMD -MP -MF"Core/Src/main.d" -MT"Core/Src/main.o" --specs=nano.specs -mfpu=fpv4-sp-d16 -mfloat-abi=hard -mthumb -o "Core/Src/main.o"
../Core/Src/main.c: In function 'HAL_UARTEx_RxEventCallback':
../Core/Src/main.c:151:30: warning: unused variable 'temp_buf' [-Wunused-variable]
  151 |                         char temp_buf[256];
      |                              ^~~~~~~~
../Core/Src/main.c: In function 'main':
../Core/Src/main.c:246:22: warning: unused variable 'temp_buf' [-Wunused-variable]
  246 |                 char temp_buf[256];
      |                      ^~~~~~~~
arm-none-eabi-gcc -o "STM32_mainmodule.elf" @"objects.list"   -mcpu=cortex-m4 -T"C:\University\2026-Summer\Project\ARTP\firmware\stm32_firmware\STM32_mainmodule\STM32_mainmodule\STM32F411RETX_FLASH.ld" --specs=nosys.specs -Wl,-Map="STM32_mainmodule.map" -Wl,--gc-sections -static --specs=nano.specs -mfpu=fpv4-sp-d16 -mfloat-abi=hard -mthumb -Wl,--start-group -lc -lm -Wl,--end-group
Finished building target: STM32_mainmodule.elf
 
arm-none-eabi-size  STM32_mainmodule.elf 
arm-none-eabi-objdump -h -S STM32_mainmodule.elf  > "STM32_mainmodule.list"
   text	   data	    bss	    dec	    hex	filename
  29132	    108	   7556	  36796	   8fbc	STM32_mainmodule.elf
Finished building: default.size.stdout
 
Finished building: STM32_mainmodule.list
 
23:11:53 **** Incremental Build of configuration Debug for project STM32_mainmodule ****
make -j24 all 
arm-none-eabi-size  STM32_mainmodule.elf 
   text	   data	    bss	    dec	    hex	filename
  29132	    108	   7556	  36796	   8fbc	STM32_mainmodule.elf
Finished building: default.size.stdout
 
22:20:37 **** Incremental Build of configuration Debug for project STM32_mainmodule ****
make -j24 all 
arm-none-eabi-gcc "../Core/Src/OLED.c" -mcpu=cortex-m4 -std=gnu11 -g3 -DDEBUG -DUSE_HAL_DRIVER -DSTM32F411xE -c -I../Core/Inc -I"C:/University/2026-Summer/Project/ARTP/firmware/stm32_firmware/STM32_mainmodule/STM32_mainmodule/Drivers/OLED" -I../Drivers/STM32F4xx_HAL_Driver/Inc -I../Drivers/STM32F4xx_HAL_Driver/Inc/Legacy -I../Drivers/CMSIS/Device/ST/STM32F4xx/Include -I../Drivers/CMSIS/Include -O0 -ffunction-sections -fdata-sections -Wall -fstack-usage -fcyclomatic-complexity -MMD -MP -MF"Core/Src/OLED.d" -MT"Core/Src/OLED.o" --specs=nano.specs -mfpu=fpv4-sp-d16 -mfloat-abi=hard -mthumb -o "Core/Src/OLED.o"
arm-none-eabi-gcc "../Core/Src/data_handling.c" -mcpu=cortex-m4 -std=gnu11 -g3 -DDEBUG -DUSE_HAL_DRIVER -DSTM32F411xE -c -I../Core/Inc -I"C:/University/2026-Summer/Project/ARTP/firmware/stm32_firmware/STM32_mainmodule/STM32_mainmodule/Drivers/OLED" -I../Drivers/STM32F4xx_HAL_Driver/Inc -I../Drivers/STM32F4xx_HAL_Driver/Inc/Legacy -I../Drivers/CMSIS/Device/ST/STM32F4xx/Include -I../Drivers/CMSIS/Include -O0 -ffunction-sections -fdata-sections -Wall -fstack-usage -fcyclomatic-complexity -MMD -MP -MF"Core/Src/data_handling.d" -MT"Core/Src/data_handling.o" --specs=nano.specs -mfpu=fpv4-sp-d16 -mfloat-abi=hard -mthumb -o "Core/Src/data_handling.o"
arm-none-eabi-gcc "../Core/Src/dma.c" -mcpu=cortex-m4 -std=gnu11 -g3 -DDEBUG -DUSE_HAL_DRIVER -DSTM32F411xE -c -I../Core/Inc -I"C:/University/2026-Summer/Project/ARTP/firmware/stm32_firmware/STM32_mainmodule/STM32_mainmodule/Drivers/OLED" -I../Drivers/STM32F4xx_HAL_Driver/Inc -I../Drivers/STM32F4xx_HAL_Driver/Inc/Legacy -I../Drivers/CMSIS/Device/ST/STM32F4xx/Include -I../Drivers/CMSIS/Include -O0 -ffunction-sections -fdata-sections -Wall -fstack-usage -fcyclomatic-complexity -MMD -MP -MF"Core/Src/dma.d" -MT"Core/Src/dma.o" --specs=nano.specs -mfpu=fpv4-sp-d16 -mfloat-abi=hard -mthumb -o "Core/Src/dma.o"
arm-none-eabi-gcc "../Core/Src/gpio.c" -mcpu=cortex-m4 -std=gnu11 -g3 -DDEBUG -DUSE_HAL_DRIVER -DSTM32F411xE -c -I../Core/Inc -I"C:/University/2026-Summer/Project/ARTP/firmware/stm32_firmware/STM32_mainmodule/STM32_mainmodule/Drivers/OLED" -I../Drivers/STM32F4xx_HAL_Driver/Inc -I../Drivers/STM32F4xx_HAL_Driver/Inc/Legacy -I../Drivers/CMSIS/Device/ST/STM32F4xx/Include -I../Drivers/CMSIS/Include -O0 -ffunction-sections -fdata-sections -Wall -fstack-usage -fcyclomatic-complexity -MMD -MP -MF"Core/Src/gpio.d" -MT"Core/Src/gpio.o" --specs=nano.specs -mfpu=fpv4-sp-d16 -mfloat-abi=hard -mthumb -o "Core/Src/gpio.o"
arm-none-eabi-gcc "../Core/Src/i2c.c" -mcpu=cortex-m4 -std=gnu11 -g3 -DDEBUG -DUSE_HAL_DRIVER -DSTM32F411xE -c -I../Core/Inc -I"C:/University/2026-Summer/Project/ARTP/firmware/stm32_firmware/STM32_mainmodule/STM32_mainmodule/Drivers/OLED" -I../Drivers/STM32F4xx_HAL_Driver/Inc -I../Drivers/STM32F4xx_HAL_Driver/Inc/Legacy -I../Drivers/CMSIS/Device/ST/STM32F4xx/Include -I../Drivers/CMSIS/Include -O0 -ffunction-sections -fdata-sections -Wall -fstack-usage -fcyclomatic-complexity -MMD -MP -MF"Core/Src/i2c.d" -MT"Core/Src/i2c.o" --specs=nano.specs -mfpu=fpv4-sp-d16 -mfloat-abi=hard -mthumb -o "Core/Src/i2c.o"
arm-none-eabi-gcc "../Core/Src/main.c" -mcpu=cortex-m4 -std=gnu11 -g3 -DDEBUG -DUSE_HAL_DRIVER -DSTM32F411xE -c -I../Core/Inc -I"C:/University/2026-Summer/Project/ARTP/firmware/stm32_firmware/STM32_mainmodule/STM32_mainmodule/Drivers/OLED" -I../Drivers/STM32F4xx_HAL_Driver/Inc -I../Drivers/STM32F4xx_HAL_Driver/Inc/Legacy -I../Drivers/CMSIS/Device/ST/STM32F4xx/Include -I../Drivers/CMSIS/Include -O0 -ffunction-sections -fdata-sections -Wall -fstack-usage -fcyclomatic-complexity -MMD -MP -MF"Core/Src/main.d" -MT"Core/Src/main.o" --specs=nano.specs -mfpu=fpv4-sp-d16 -mfloat-abi=hard -mthumb -o "Core/Src/main.o"
arm-none-eabi-gcc "../Core/Src/stm32f4xx_hal_msp.c" -mcpu=cortex-m4 -std=gnu11 -g3 -DDEBUG -DUSE_HAL_DRIVER -DSTM32F411xE -c -I../Core/Inc -I"C:/University/2026-Summer/Project/ARTP/firmware/stm32_firmware/STM32_mainmodule/STM32_mainmodule/Drivers/OLED" -I../Drivers/STM32F4xx_HAL_Driver/Inc -I../Drivers/STM32F4xx_HAL_Driver/Inc/Legacy -I../Drivers/CMSIS/Device/ST/STM32F4xx/Include -I../Drivers/CMSIS/Include -O0 -ffunction-sections -fdata-sections -Wall -fstack-usage -fcyclomatic-complexity -MMD -MP -MF"Core/Src/stm32f4xx_hal_msp.d" -MT"Core/Src/stm32f4xx_hal_msp.o" --specs=nano.specs -mfpu=fpv4-sp-d16 -mfloat-abi=hard -mthumb -o "Core/Src/stm32f4xx_hal_msp.o"
arm-none-eabi-gcc "../Core/Src/stm32f4xx_it.c" -mcpu=cortex-m4 -std=gnu11 -g3 -DDEBUG -DUSE_HAL_DRIVER -DSTM32F411xE -c -I../Core/Inc -I"C:/University/2026-Summer/Project/ARTP/firmware/stm32_firmware/STM32_mainmodule/STM32_mainmodule/Drivers/OLED" -I../Drivers/STM32F4xx_HAL_Driver/Inc -I../Drivers/STM32F4xx_HAL_Driver/Inc/Legacy -I../Drivers/CMSIS/Device/ST/STM32F4xx/Include -I../Drivers/CMSIS/Include -O0 -ffunction-sections -fdata-sections -Wall -fstack-usage -fcyclomatic-complexity -MMD -MP -MF"Core/Src/stm32f4xx_it.d" -MT"Core/Src/stm32f4xx_it.o" --specs=nano.specs -mfpu=fpv4-sp-d16 -mfloat-abi=hard -mthumb -o "Core/Src/stm32f4xx_it.o"
arm-none-eabi-gcc "../Core/Src/syscalls.c" -mcpu=cortex-m4 -std=gnu11 -g3 -DDEBUG -DUSE_HAL_DRIVER -DSTM32F411xE -c -I../Core/Inc -I"C:/University/2026-Summer/Project/ARTP/firmware/stm32_firmware/STM32_mainmodule/STM32_mainmodule/Drivers/OLED" -I../Drivers/STM32F4xx_HAL_Driver/Inc -I../Drivers/STM32F4xx_HAL_Driver/Inc/Legacy -I../Drivers/CMSIS/Device/ST/STM32F4xx/Include -I../Drivers/CMSIS/Include -O0 -ffunction-sections -fdata-sections -Wall -fstack-usage -fcyclomatic-complexity -MMD -MP -MF"Core/Src/syscalls.d" -MT"Core/Src/syscalls.o" --specs=nano.specs -mfpu=fpv4-sp-d16 -mfloat-abi=hard -mthumb -o "Core/Src/syscalls.o"
arm-none-eabi-gcc "../Core/Src/sysmem.c" -mcpu=cortex-m4 -std=gnu11 -g3 -DDEBUG -DUSE_HAL_DRIVER -DSTM32F411xE -c -I../Core/Inc -I"C:/University/2026-Summer/Project/ARTP/firmware/stm32_firmware/STM32_mainmodule/STM32_mainmodule/Drivers/OLED" -I../Drivers/STM32F4xx_HAL_Driver/Inc -I../Drivers/STM32F4xx_HAL_Driver/Inc/Legacy -I../Drivers/CMSIS/Device/ST/STM32F4xx/Include -I../Drivers/CMSIS/Include -O0 -ffunction-sections -fdata-sections -Wall -fstack-usage -fcyclomatic-complexity -MMD -MP -MF"Core/Src/sysmem.d" -MT"Core/Src/sysmem.o" --specs=nano.specs -mfpu=fpv4-sp-d16 -mfloat-abi=hard -mthumb -o "Core/Src/sysmem.o"
arm-none-eabi-gcc "../Core/Src/system_stm32f4xx.c" -mcpu=cortex-m4 -std=gnu11 -g3 -DDEBUG -DUSE_HAL_DRIVER -DSTM32F411xE -c -I../Core/Inc -I"C:/University/2026-Summer/Project/ARTP/firmware/stm32_firmware/STM32_mainmodule/STM32_mainmodule/Drivers/OLED" -I../Drivers/STM32F4xx_HAL_Driver/Inc -I../Drivers/STM32F4xx_HAL_Driver/Inc/Legacy -I../Drivers/CMSIS/Device/ST/STM32F4xx/Include -I../Drivers/CMSIS/Include -O0 -ffunction-sections -fdata-sections -Wall -fstack-usage -fcyclomatic-complexity -MMD -MP -MF"Core/Src/system_stm32f4xx.d" -MT"Core/Src/system_stm32f4xx.o" --specs=nano.specs -mfpu=fpv4-sp-d16 -mfloat-abi=hard -mthumb -o "Core/Src/system_stm32f4xx.o"
arm-none-eabi-gcc "../Core/Src/usart.c" -mcpu=cortex-m4 -std=gnu11 -g3 -DDEBUG -DUSE_HAL_DRIVER -DSTM32F411xE -c -I../Core/Inc -I"C:/University/2026-Summer/Project/ARTP/firmware/stm32_firmware/STM32_mainmodule/STM32_mainmodule/Drivers/OLED" -I../Drivers/STM32F4xx_HAL_Driver/Inc -I../Drivers/STM32F4xx_HAL_Driver/Inc/Legacy -I../Drivers/CMSIS/Device/ST/STM32F4xx/Include -I../Drivers/CMSIS/Include -O0 -ffunction-sections -fdata-sections -Wall -fstack-usage -fcyclomatic-complexity -MMD -MP -MF"Core/Src/usart.d" -MT"Core/Src/usart.o" --specs=nano.specs -mfpu=fpv4-sp-d16 -mfloat-abi=hard -mthumb -o "Core/Src/usart.o"
../Core/Src/main.c: In function 'HAL_UARTEx_RxEventCallback':
../Core/Src/main.c:146:30: warning: unused variable 'temp_buf' [-Wunused-variable]
  146 |                         char temp_buf[256];
      |                              ^~~~~~~~
../Core/Src/main.c: In function 'main':
../Core/Src/main.c:236:22: warning: unused variable 'temp_buf' [-Wunused-variable]
  236 |                 char temp_buf[256];
      |                      ^~~~~~~~
../Core/Src/OLED.c: In function 'OLED_init':
../Core/Src/OLED.c:75:1: warning: control reaches end of non-void function [-Wreturn-type]
   75 | };
      | ^
../Core/Src/OLED.c: In function 'OLED_update':
../Core/Src/OLED.c:87:1: warning: control reaches end of non-void function [-Wreturn-type]
   87 | }
      | ^
../Core/Src/OLED.c: In function 'OLED_close':
../Core/Src/OLED.c:96:1: warning: control reaches end of non-void function [-Wreturn-type]
   96 | }
      | ^
arm-none-eabi-gcc -o "STM32_mainmodule.elf" @"objects.list"   -mcpu=cortex-m4 -T"C:\University\2026-Summer\Project\ARTP\firmware\stm32_firmware\STM32_mainmodule\STM32_mainmodule\STM32F411RETX_FLASH.ld" --specs=nosys.specs -Wl,-Map="STM32_mainmodule.map" -Wl,--gc-sections -static --specs=nano.specs -mfpu=fpv4-sp-d16 -mfloat-abi=hard -mthumb -Wl,--start-group -lc -lm -Wl,--end-group
Finished building target: STM32_mainmodule.elf
 
arm-none-eabi-size  STM32_mainmodule.elf 
arm-none-eabi-objdump -h -S STM32_mainmodule.elf  > "STM32_mainmodule.list"
   text	   data	    bss	    dec	    hex	filename
  22768	    108	   6524	  29400	   72d8	STM32_mainmodule.elf
Finished building: default.size.stdout
 
Finished building: STM32_mainmodule.list
 
22:22:26 **** Incremental Build of configuration Debug for project STM32_mainmodule ****
make -j24 all 
arm-none-eabi-gcc "../Core/Src/OLED.c" -mcpu=cortex-m4 -std=gnu11 -g3 -DDEBUG -DUSE_HAL_DRIVER -DSTM32F411xE -c -I../Core/Inc -I"C:/University/2026-Summer/Project/ARTP/firmware/stm32_firmware/STM32_mainmodule/STM32_mainmodule/Drivers/OLED" -I../Drivers/STM32F4xx_HAL_Driver/Inc -I../Drivers/STM32F4xx_HAL_Driver/Inc/Legacy -I../Drivers/CMSIS/Device/ST/STM32F4xx/Include -I../Drivers/CMSIS/Include -O0 -ffunction-sections -fdata-sections -Wall -fstack-usage -fcyclomatic-complexity -MMD -MP -MF"Core/Src/OLED.d" -MT"Core/Src/OLED.o" --specs=nano.specs -mfpu=fpv4-sp-d16 -mfloat-abi=hard -mthumb -o "Core/Src/OLED.o"
arm-none-eabi-gcc "../Core/Src/main.c" -mcpu=cortex-m4 -std=gnu11 -g3 -DDEBUG -DUSE_HAL_DRIVER -DSTM32F411xE -c -I../Core/Inc -I"C:/University/2026-Summer/Project/ARTP/firmware/stm32_firmware/STM32_mainmodule/STM32_mainmodule/Drivers/OLED" -I../Drivers/STM32F4xx_HAL_Driver/Inc -I../Drivers/STM32F4xx_HAL_Driver/Inc/Legacy -I../Drivers/CMSIS/Device/ST/STM32F4xx/Include -I../Drivers/CMSIS/Include -O0 -ffunction-sections -fdata-sections -Wall -fstack-usage -fcyclomatic-complexity -MMD -MP -MF"Core/Src/main.d" -MT"Core/Src/main.o" --specs=nano.specs -mfpu=fpv4-sp-d16 -mfloat-abi=hard -mthumb -o "Core/Src/main.o"
../Core/Src/main.c: In function 'HAL_UARTEx_RxEventCallback':
../Core/Src/main.c:146:30: warning: unused variable 'temp_buf' [-Wunused-variable]
  146 |                         char temp_buf[256];
      |                              ^~~~~~~~
../Core/Src/main.c: In function 'main':
../Core/Src/main.c:236:22: warning: unused variable 'temp_buf' [-Wunused-variable]
  236 |                 char temp_buf[256];
      |                      ^~~~~~~~
../Core/Src/OLED.c: In function 'OLED_init':
../Core/Src/OLED.c:75:1: warning: control reaches end of non-void function [-Wreturn-type]
   75 | };
      | ^
../Core/Src/OLED.c: In function 'OLED_update':
../Core/Src/OLED.c:87:1: warning: control reaches end of non-void function [-Wreturn-type]
   87 | }
      | ^
../Core/Src/OLED.c: In function 'OLED_close':
../Core/Src/OLED.c:96:1: warning: control reaches end of non-void function [-Wreturn-type]
   96 | }
      | ^
arm-none-eabi-gcc -o "STM32_mainmodule.elf" @"objects.list"   -mcpu=cortex-m4 -T"C:\University\2026-Summer\Project\ARTP\firmware\stm32_firmware\STM32_mainmodule\STM32_mainmodule\STM32F411RETX_FLASH.ld" --specs=nosys.specs -Wl,-Map="STM32_mainmodule.map" -Wl,--gc-sections -static --specs=nano.specs -mfpu=fpv4-sp-d16 -mfloat-abi=hard -mthumb -Wl,--start-group -lc -lm -Wl,--end-group
Finished building target: STM32_mainmodule.elf
 
arm-none-eabi-size  STM32_mainmodule.elf 
arm-none-eabi-objdump -h -S STM32_mainmodule.elf  > "STM32_mainmodule.list"
   text	   data	    bss	    dec	    hex	filename
  22768	    108	   6524	  29400	   72d8	STM32_mainmodule.elf
Finished building: default.size.stdout
 
Finished building: STM32_mainmodule.list
 
22:25:55 **** Incremental Build of configuration Debug for project STM32_mainmodule ****
make -j24 all 
arm-none-eabi-gcc "../Core/Src/main.c" -mcpu=cortex-m4 -std=gnu11 -g3 -DDEBUG -DUSE_HAL_DRIVER -DSTM32F411xE -c -I../Core/Inc -I"C:/University/2026-Summer/Project/ARTP/firmware/stm32_firmware/STM32_mainmodule/STM32_mainmodule/Drivers/OLED" -I../Drivers/STM32F4xx_HAL_Driver/Inc -I../Drivers/STM32F4xx_HAL_Driver/Inc/Legacy -I../Drivers/CMSIS/Device/ST/STM32F4xx/Include -I../Drivers/CMSIS/Include -O0 -ffunction-sections -fdata-sections -Wall -fstack-usage -fcyclomatic-complexity -MMD -MP -MF"Core/Src/main.d" -MT"Core/Src/main.o" --specs=nano.specs -mfpu=fpv4-sp-d16 -mfloat-abi=hard -mthumb -o "Core/Src/main.o"
../Core/Src/main.c: In function 'HAL_UARTEx_RxEventCallback':
../Core/Src/main.c:146:30: warning: unused variable 'temp_buf' [-Wunused-variable]
  146 |                         char temp_buf[256];
      |                              ^~~~~~~~
../Core/Src/main.c: In function 'main':
../Core/Src/main.c:238:22: warning: unused variable 'temp_buf' [-Wunused-variable]
  238 |                 char temp_buf[256];
      |                      ^~~~~~~~
arm-none-eabi-gcc -o "STM32_mainmodule.elf" @"objects.list"   -mcpu=cortex-m4 -T"C:\University\2026-Summer\Project\ARTP\firmware\stm32_firmware\STM32_mainmodule\STM32_mainmodule\STM32F411RETX_FLASH.ld" --specs=nosys.specs -Wl,-Map="STM32_mainmodule.map" -Wl,--gc-sections -static --specs=nano.specs -mfpu=fpv4-sp-d16 -mfloat-abi=hard -mthumb -Wl,--start-group -lc -lm -Wl,--end-group
Finished building target: STM32_mainmodule.elf
 
arm-none-eabi-size  STM32_mainmodule.elf 
arm-none-eabi-objdump -h -S STM32_mainmodule.elf  > "STM32_mainmodule.list"
   text	   data	    bss	    dec	    hex	filename
  29220	    108	   7556	  36884	   9014	STM32_mainmodule.elf
Finished building: default.size.stdout
 
Finished building: STM32_mainmodule.list
 
22:27:10 **** Incremental Build of configuration Debug for project STM32_mainmodule ****
make -j24 all 
arm-none-eabi-gcc "../Core/Src/main.c" -mcpu=cortex-m4 -std=gnu11 -g3 -DDEBUG -DUSE_HAL_DRIVER -DSTM32F411xE -c -I../Core/Inc -I"C:/University/2026-Summer/Project/ARTP/firmware/stm32_firmware/STM32_mainmodule/STM32_mainmodule/Drivers/OLED" -I../Drivers/STM32F4xx_HAL_Driver/Inc -I../Drivers/STM32F4xx_HAL_Driver/Inc/Legacy -I../Drivers/CMSIS/Device/ST/STM32F4xx/Include -I../Drivers/CMSIS/Include -O0 -ffunction-sections -fdata-sections -Wall -fstack-usage -fcyclomatic-complexity -MMD -MP -MF"Core/Src/main.d" -MT"Core/Src/main.o" --specs=nano.specs -mfpu=fpv4-sp-d16 -mfloat-abi=hard -mthumb -o "Core/Src/main.o"
../Core/Src/main.c: In function 'HAL_UARTEx_RxEventCallback':
../Core/Src/main.c:146:30: warning: unused variable 'temp_buf' [-Wunused-variable]
  146 |                         char temp_buf[256];
      |                              ^~~~~~~~
../Core/Src/main.c: In function 'main':
../Core/Src/main.c:237:22: warning: unused variable 'temp_buf' [-Wunused-variable]
  237 |                 char temp_buf[256];
      |                      ^~~~~~~~
arm-none-eabi-gcc -o "STM32_mainmodule.elf" @"objects.list"   -mcpu=cortex-m4 -T"C:\University\2026-Summer\Project\ARTP\firmware\stm32_firmware\STM32_mainmodule\STM32_mainmodule\STM32F411RETX_FLASH.ld" --specs=nosys.specs -Wl,-Map="STM32_mainmodule.map" -Wl,--gc-sections -static --specs=nano.specs -mfpu=fpv4-sp-d16 -mfloat-abi=hard -mthumb -Wl,--start-group -lc -lm -Wl,--end-group
Finished building target: STM32_mainmodule.elf
 
arm-none-eabi-size  STM32_mainmodule.elf 
arm-none-eabi-objdump -h -S STM32_mainmodule.elf  > "STM32_mainmodule.list"
   text	   data	    bss	    dec	    hex	filename
  29220	    108	   7556	  36884	   9014	STM32_mainmodule.elf
Finished building: default.size.stdout
 
Finished building: STM32_mainmodule.list
 
22:35:20 **** Incremental Build of configuration Debug for project STM32_mainmodule ****
make -j24 all 
arm-none-eabi-gcc "../Core/Src/OLED.c" -mcpu=cortex-m4 -std=gnu11 -g3 -DDEBUG -DUSE_HAL_DRIVER -DSTM32F411xE -c -I../Core/Inc -I"C:/University/2026-Summer/Project/ARTP/firmware/stm32_firmware/STM32_mainmodule/STM32_mainmodule/Drivers/OLED" -I../Drivers/STM32F4xx_HAL_Driver/Inc -I../Drivers/STM32F4xx_HAL_Driver/Inc/Legacy -I../Drivers/CMSIS/Device/ST/STM32F4xx/Include -I../Drivers/CMSIS/Include -O0 -ffunction-sections -fdata-sections -Wall -fstack-usage -fcyclomatic-complexity -MMD -MP -MF"Core/Src/OLED.d" -MT"Core/Src/OLED.o" --specs=nano.specs -mfpu=fpv4-sp-d16 -mfloat-abi=hard -mthumb -o "Core/Src/OLED.o"
arm-none-eabi-gcc "../Core/Src/main.c" -mcpu=cortex-m4 -std=gnu11 -g3 -DDEBUG -DUSE_HAL_DRIVER -DSTM32F411xE -c -I../Core/Inc -I"C:/University/2026-Summer/Project/ARTP/firmware/stm32_firmware/STM32_mainmodule/STM32_mainmodule/Drivers/OLED" -I../Drivers/STM32F4xx_HAL_Driver/Inc -I../Drivers/STM32F4xx_HAL_Driver/Inc/Legacy -I../Drivers/CMSIS/Device/ST/STM32F4xx/Include -I../Drivers/CMSIS/Include -O0 -ffunction-sections -fdata-sections -Wall -fstack-usage -fcyclomatic-complexity -MMD -MP -MF"Core/Src/main.d" -MT"Core/Src/main.o" --specs=nano.specs -mfpu=fpv4-sp-d16 -mfloat-abi=hard -mthumb -o "Core/Src/main.o"
../Core/Src/main.c: In function 'HAL_UARTEx_RxEventCallback':
../Core/Src/main.c:146:30: warning: unused variable 'temp_buf' [-Wunused-variable]
  146 |                         char temp_buf[256];
      |                              ^~~~~~~~
../Core/Src/main.c: In function 'main':
../Core/Src/main.c:237:22: warning: unused variable 'temp_buf' [-Wunused-variable]
  237 |                 char temp_buf[256];
      |                      ^~~~~~~~
../Core/Src/main.c:298:5: error: too many arguments to function 'OLED_update'
  298 |     OLED_update(buffer);
      |     ^~~~~~~~~~~
In file included from ../Core/Src/main.c:25:
../Core/Inc/OLED.h:53:5: note: declared here
   53 | int OLED_update(void);
      |     ^~~~~~~~~~~
../Core/Src/OLED.c:79:5: error: conflicting types for 'OLED_update'; have 'int(char *)'
   79 | int OLED_update(char *txt) {
      |     ^~~~~~~~~~~
In file included from ../Core/Src/OLED.c:20:
../Core/Inc/OLED.h:53:5: note: previous declaration of 'OLED_update' with type 'int(void)'
   53 | int OLED_update(void);
      |     ^~~~~~~~~~~
../Core/Src/OLED.c: In function 'OLED_init':
../Core/Src/OLED.c:75:1: warning: control reaches end of non-void function [-Wreturn-type]
   75 | };
      | ^
../Core/Src/OLED.c: In function 'OLED_update':
../Core/Src/OLED.c:87:1: warning: control reaches end of non-void function [-Wreturn-type]
   87 | }
      | ^
../Core/Src/OLED.c: In function 'OLED_close':
../Core/Src/OLED.c:96:1: warning: control reaches end of non-void function [-Wreturn-type]
   96 | }
      | ^
make: *** [Core/Src/subdir.mk:52: Core/Src/OLED.o] Error 1
make: *** Waiting for unfinished jobs....
make: *** [Core/Src/subdir.mk:52: Core/Src/main.o] Error 1
"make -j24 all" terminated with exit code 2. Build might be incomplete.
22:35:57 **** Incremental Build of configuration Debug for project STM32_mainmodule ****
make -j24 all 
arm-none-eabi-gcc "../Core/Src/OLED.c" -mcpu=cortex-m4 -std=gnu11 -g3 -DDEBUG -DUSE_HAL_DRIVER -DSTM32F411xE -c -I../Core/Inc -I"C:/University/2026-Summer/Project/ARTP/firmware/stm32_firmware/STM32_mainmodule/STM32_mainmodule/Drivers/OLED" -I../Drivers/STM32F4xx_HAL_Driver/Inc -I../Drivers/STM32F4xx_HAL_Driver/Inc/Legacy -I../Drivers/CMSIS/Device/ST/STM32F4xx/Include -I../Drivers/CMSIS/Include -O0 -ffunction-sections -fdata-sections -Wall -fstack-usage -fcyclomatic-complexity -MMD -MP -MF"Core/Src/OLED.d" -MT"Core/Src/OLED.o" --specs=nano.specs -mfpu=fpv4-sp-d16 -mfloat-abi=hard -mthumb -o "Core/Src/OLED.o"
arm-none-eabi-gcc "../Core/Src/main.c" -mcpu=cortex-m4 -std=gnu11 -g3 -DDEBUG -DUSE_HAL_DRIVER -DSTM32F411xE -c -I../Core/Inc -I"C:/University/2026-Summer/Project/ARTP/firmware/stm32_firmware/STM32_mainmodule/STM32_mainmodule/Drivers/OLED" -I../Drivers/STM32F4xx_HAL_Driver/Inc -I../Drivers/STM32F4xx_HAL_Driver/Inc/Legacy -I../Drivers/CMSIS/Device/ST/STM32F4xx/Include -I../Drivers/CMSIS/Include -O0 -ffunction-sections -fdata-sections -Wall -fstack-usage -fcyclomatic-complexity -MMD -MP -MF"Core/Src/main.d" -MT"Core/Src/main.o" --specs=nano.specs -mfpu=fpv4-sp-d16 -mfloat-abi=hard -mthumb -o "Core/Src/main.o"
../Core/Src/OLED.c: In function 'OLED_init':
../Core/Src/main.c: In function 'HAL_UARTEx_RxEventCallback':
../Core/Src/OLED.c:75:1: warning: control reaches end of non-void function [-Wreturn-type]
   75 | };
      | ^
../Core/Src/OLED.c: In function 'OLED_update':
../Core/Src/main.c:146:30: warning: unused variable 'temp_buf' [-Wunused-variable]
  146 |                         char temp_buf[256];
      |                              ^~~~~~~~
../Core/Src/OLED.c:87:1: warning: control reaches end of non-void function [-Wreturn-type]
   87 | }
      | ^
../Core/Src/OLED.c: In function 'OLED_close':
../Core/Src/OLED.c:96:1: warning: control reaches end of non-void function [-Wreturn-type]
   96 | }
      | ^
../Core/Src/main.c: In function 'main':
../Core/Src/main.c:237:22: warning: unused variable 'temp_buf' [-Wunused-variable]
  237 |                 char temp_buf[256];
      |                      ^~~~~~~~
arm-none-eabi-gcc -o "STM32_mainmodule.elf" @"objects.list"   -mcpu=cortex-m4 -T"C:\University\2026-Summer\Project\ARTP\firmware\stm32_firmware\STM32_mainmodule\STM32_mainmodule\STM32F411RETX_FLASH.ld" --specs=nosys.specs -Wl,-Map="STM32_mainmodule.map" -Wl,--gc-sections -static --specs=nano.specs -mfpu=fpv4-sp-d16 -mfloat-abi=hard -mthumb -Wl,--start-group -lc -lm -Wl,--end-group
Finished building target: STM32_mainmodule.elf
 
arm-none-eabi-size  STM32_mainmodule.elf 
arm-none-eabi-objdump -h -S STM32_mainmodule.elf  > "STM32_mainmodule.list"
   text	   data	    bss	    dec	    hex	filename
  29236	    108	   7556	  36900	   9024	STM32_mainmodule.elf
Finished building: default.size.stdout
 
Finished building: STM32_mainmodule.list
 
22:37:50 **** Incremental Build of configuration Debug for project STM32_mainmodule ****
make -j24 all 
arm-none-eabi-gcc "../Core/Src/OLED.c" -mcpu=cortex-m4 -std=gnu11 -g3 -DDEBUG -DUSE_HAL_DRIVER -DSTM32F411xE -c -I../Core/Inc -I"C:/University/2026-Summer/Project/ARTP/firmware/stm32_firmware/STM32_mainmodule/STM32_mainmodule/Drivers/OLED" -I../Drivers/STM32F4xx_HAL_Driver/Inc -I../Drivers/STM32F4xx_HAL_Driver/Inc/Legacy -I../Drivers/CMSIS/Device/ST/STM32F4xx/Include -I../Drivers/CMSIS/Include -O0 -ffunction-sections -fdata-sections -Wall -fstack-usage -fcyclomatic-complexity -MMD -MP -MF"Core/Src/OLED.d" -MT"Core/Src/OLED.o" --specs=nano.specs -mfpu=fpv4-sp-d16 -mfloat-abi=hard -mthumb -o "Core/Src/OLED.o"
../Core/Src/OLED.c: In function 'OLED_update':
../Core/Src/OLED.c:83:34: error: 'Font_3x5' undeclared (first use in this function); did you mean 'Font_6x8'?
   83 |         ssd1306_WriteString(txt, Font_3x5, White);
      |                                  ^~~~~~~~
      |                                  Font_6x8
../Core/Src/OLED.c:83:34: note: each undeclared identifier is reported only once for each function it appears in
../Core/Src/OLED.c: In function 'OLED_init':
../Core/Src/OLED.c:75:1: warning: control reaches end of non-void function [-Wreturn-type]
   75 | };
      | ^
../Core/Src/OLED.c: In function 'OLED_update':
../Core/Src/OLED.c:87:1: warning: control reaches end of non-void function [-Wreturn-type]
   87 | }
      | ^
../Core/Src/OLED.c: In function 'OLED_close':
../Core/Src/OLED.c:96:1: warning: control reaches end of non-void function [-Wreturn-type]
   96 | }
      | ^
make: *** [Core/Src/subdir.mk:52: Core/Src/OLED.o] Error 1
"make -j24 all" terminated with exit code 2. Build might be incomplete.
22:38:08 **** Incremental Build of configuration Debug for project STM32_mainmodule ****
make -j24 all 
arm-none-eabi-gcc "../Core/Src/OLED.c" -mcpu=cortex-m4 -std=gnu11 -g3 -DDEBUG -DUSE_HAL_DRIVER -DSTM32F411xE -c -I../Core/Inc -I"C:/University/2026-Summer/Project/ARTP/firmware/stm32_firmware/STM32_mainmodule/STM32_mainmodule/Drivers/OLED" -I../Drivers/STM32F4xx_HAL_Driver/Inc -I../Drivers/STM32F4xx_HAL_Driver/Inc/Legacy -I../Drivers/CMSIS/Device/ST/STM32F4xx/Include -I../Drivers/CMSIS/Include -O0 -ffunction-sections -fdata-sections -Wall -fstack-usage -fcyclomatic-complexity -MMD -MP -MF"Core/Src/OLED.d" -MT"Core/Src/OLED.o" --specs=nano.specs -mfpu=fpv4-sp-d16 -mfloat-abi=hard -mthumb -o "Core/Src/OLED.o"
../Core/Src/OLED.c: In function 'OLED_init':
../Core/Src/OLED.c:75:1: warning: control reaches end of non-void function [-Wreturn-type]
   75 | };
      | ^
../Core/Src/OLED.c: In function 'OLED_update':
../Core/Src/OLED.c:87:1: warning: control reaches end of non-void function [-Wreturn-type]
   87 | }
      | ^
../Core/Src/OLED.c: In function 'OLED_close':
../Core/Src/OLED.c:96:1: warning: control reaches end of non-void function [-Wreturn-type]
   96 | }
      | ^
arm-none-eabi-gcc -o "STM32_mainmodule.elf" @"objects.list"   -mcpu=cortex-m4 -T"C:\University\2026-Summer\Project\ARTP\firmware\stm32_firmware\STM32_mainmodule\STM32_mainmodule\STM32F411RETX_FLASH.ld" --specs=nosys.specs -Wl,-Map="STM32_mainmodule.map" -Wl,--gc-sections -static --specs=nano.specs -mfpu=fpv4-sp-d16 -mfloat-abi=hard -mthumb -Wl,--start-group -lc -lm -Wl,--end-group
Finished building target: STM32_mainmodule.elf
 
arm-none-eabi-size  STM32_mainmodule.elf 
arm-none-eabi-objdump -h -S STM32_mainmodule.elf  > "STM32_mainmodule.list"
   text	   data	    bss	    dec	    hex	filename
  30768	    108	   7556	  38432	   9620	STM32_mainmodule.elf
Finished building: default.size.stdout
 
Finished building: STM32_mainmodule.list
 
23:09:10 **** Incremental Build of configuration Debug for project STM32_mainmodule ****
make -j24 all 
arm-none-eabi-gcc "../Core/Src/LED.c" -mcpu=cortex-m4 -std=gnu11 -g3 -DDEBUG -DUSE_HAL_DRIVER -DSTM32F411xE -c -I../Core/Inc -I"C:/University/2026-Summer/Project/ARTP/firmware/stm32_firmware/STM32_mainmodule/STM32_mainmodule/Drivers/OLED" -I../Drivers/STM32F4xx_HAL_Driver/Inc -I../Drivers/STM32F4xx_HAL_Driver/Inc/Legacy -I../Drivers/CMSIS/Device/ST/STM32F4xx/Include -I../Drivers/CMSIS/Include -O0 -ffunction-sections -fdata-sections -Wall -fstack-usage -fcyclomatic-complexity -MMD -MP -MF"Core/Src/LED.d" -MT"Core/Src/LED.o" --specs=nano.specs -mfpu=fpv4-sp-d16 -mfloat-abi=hard -mthumb -o "Core/Src/LED.o"
arm-none-eabi-gcc "../Core/Src/OLED.c" -mcpu=cortex-m4 -std=gnu11 -g3 -DDEBUG -DUSE_HAL_DRIVER -DSTM32F411xE -c -I../Core/Inc -I"C:/University/2026-Summer/Project/ARTP/firmware/stm32_firmware/STM32_mainmodule/STM32_mainmodule/Drivers/OLED" -I../Drivers/STM32F4xx_HAL_Driver/Inc -I../Drivers/STM32F4xx_HAL_Driver/Inc/Legacy -I../Drivers/CMSIS/Device/ST/STM32F4xx/Include -I../Drivers/CMSIS/Include -O0 -ffunction-sections -fdata-sections -Wall -fstack-usage -fcyclomatic-complexity -MMD -MP -MF"Core/Src/OLED.d" -MT"Core/Src/OLED.o" --specs=nano.specs -mfpu=fpv4-sp-d16 -mfloat-abi=hard -mthumb -o "Core/Src/OLED.o"
arm-none-eabi-gcc "../Core/Src/data_handling.c" -mcpu=cortex-m4 -std=gnu11 -g3 -DDEBUG -DUSE_HAL_DRIVER -DSTM32F411xE -c -I../Core/Inc -I"C:/University/2026-Summer/Project/ARTP/firmware/stm32_firmware/STM32_mainmodule/STM32_mainmodule/Drivers/OLED" -I../Drivers/STM32F4xx_HAL_Driver/Inc -I../Drivers/STM32F4xx_HAL_Driver/Inc/Legacy -I../Drivers/CMSIS/Device/ST/STM32F4xx/Include -I../Drivers/CMSIS/Include -O0 -ffunction-sections -fdata-sections -Wall -fstack-usage -fcyclomatic-complexity -MMD -MP -MF"Core/Src/data_handling.d" -MT"Core/Src/data_handling.o" --specs=nano.specs -mfpu=fpv4-sp-d16 -mfloat-abi=hard -mthumb -o "Core/Src/data_handling.o"
arm-none-eabi-gcc "../Core/Src/dma.c" -mcpu=cortex-m4 -std=gnu11 -g3 -DDEBUG -DUSE_HAL_DRIVER -DSTM32F411xE -c -I../Core/Inc -I"C:/University/2026-Summer/Project/ARTP/firmware/stm32_firmware/STM32_mainmodule/STM32_mainmodule/Drivers/OLED" -I../Drivers/STM32F4xx_HAL_Driver/Inc -I../Drivers/STM32F4xx_HAL_Driver/Inc/Legacy -I../Drivers/CMSIS/Device/ST/STM32F4xx/Include -I../Drivers/CMSIS/Include -O0 -ffunction-sections -fdata-sections -Wall -fstack-usage -fcyclomatic-complexity -MMD -MP -MF"Core/Src/dma.d" -MT"Core/Src/dma.o" --specs=nano.specs -mfpu=fpv4-sp-d16 -mfloat-abi=hard -mthumb -o "Core/Src/dma.o"
arm-none-eabi-gcc "../Core/Src/gpio.c" -mcpu=cortex-m4 -std=gnu11 -g3 -DDEBUG -DUSE_HAL_DRIVER -DSTM32F411xE -c -I../Core/Inc -I"C:/University/2026-Summer/Project/ARTP/firmware/stm32_firmware/STM32_mainmodule/STM32_mainmodule/Drivers/OLED" -I../Drivers/STM32F4xx_HAL_Driver/Inc -I../Drivers/STM32F4xx_HAL_Driver/Inc/Legacy -I../Drivers/CMSIS/Device/ST/STM32F4xx/Include -I../Drivers/CMSIS/Include -O0 -ffunction-sections -fdata-sections -Wall -fstack-usage -fcyclomatic-complexity -MMD -MP -MF"Core/Src/gpio.d" -MT"Core/Src/gpio.o" --specs=nano.specs -mfpu=fpv4-sp-d16 -mfloat-abi=hard -mthumb -o "Core/Src/gpio.o"
arm-none-eabi-gcc "../Core/Src/i2c.c" -mcpu=cortex-m4 -std=gnu11 -g3 -DDEBUG -DUSE_HAL_DRIVER -DSTM32F411xE -c -I../Core/Inc -I"C:/University/2026-Summer/Project/ARTP/firmware/stm32_firmware/STM32_mainmodule/STM32_mainmodule/Drivers/OLED" -I../Drivers/STM32F4xx_HAL_Driver/Inc -I../Drivers/STM32F4xx_HAL_Driver/Inc/Legacy -I../Drivers/CMSIS/Device/ST/STM32F4xx/Include -I../Drivers/CMSIS/Include -O0 -ffunction-sections -fdata-sections -Wall -fstack-usage -fcyclomatic-complexity -MMD -MP -MF"Core/Src/i2c.d" -MT"Core/Src/i2c.o" --specs=nano.specs -mfpu=fpv4-sp-d16 -mfloat-abi=hard -mthumb -o "Core/Src/i2c.o"
arm-none-eabi-gcc "../Core/Src/main.c" -mcpu=cortex-m4 -std=gnu11 -g3 -DDEBUG -DUSE_HAL_DRIVER -DSTM32F411xE -c -I../Core/Inc -I"C:/University/2026-Summer/Project/ARTP/firmware/stm32_firmware/STM32_mainmodule/STM32_mainmodule/Drivers/OLED" -I../Drivers/STM32F4xx_HAL_Driver/Inc -I../Drivers/STM32F4xx_HAL_Driver/Inc/Legacy -I../Drivers/CMSIS/Device/ST/STM32F4xx/Include -I../Drivers/CMSIS/Include -O0 -ffunction-sections -fdata-sections -Wall -fstack-usage -fcyclomatic-complexity -MMD -MP -MF"Core/Src/main.d" -MT"Core/Src/main.o" --specs=nano.specs -mfpu=fpv4-sp-d16 -mfloat-abi=hard -mthumb -o "Core/Src/main.o"
arm-none-eabi-gcc "../Core/Src/stm32f4xx_hal_msp.c" -mcpu=cortex-m4 -std=gnu11 -g3 -DDEBUG -DUSE_HAL_DRIVER -DSTM32F411xE -c -I../Core/Inc -I"C:/University/2026-Summer/Project/ARTP/firmware/stm32_firmware/STM32_mainmodule/STM32_mainmodule/Drivers/OLED" -I../Drivers/STM32F4xx_HAL_Driver/Inc -I../Drivers/STM32F4xx_HAL_Driver/Inc/Legacy -I../Drivers/CMSIS/Device/ST/STM32F4xx/Include -I../Drivers/CMSIS/Include -O0 -ffunction-sections -fdata-sections -Wall -fstack-usage -fcyclomatic-complexity -MMD -MP -MF"Core/Src/stm32f4xx_hal_msp.d" -MT"Core/Src/stm32f4xx_hal_msp.o" --specs=nano.specs -mfpu=fpv4-sp-d16 -mfloat-abi=hard -mthumb -o "Core/Src/stm32f4xx_hal_msp.o"
arm-none-eabi-gcc "../Core/Src/stm32f4xx_it.c" -mcpu=cortex-m4 -std=gnu11 -g3 -DDEBUG -DUSE_HAL_DRIVER -DSTM32F411xE -c -I../Core/Inc -I"C:/University/2026-Summer/Project/ARTP/firmware/stm32_firmware/STM32_mainmodule/STM32_mainmodule/Drivers/OLED" -I../Drivers/STM32F4xx_HAL_Driver/Inc -I../Drivers/STM32F4xx_HAL_Driver/Inc/Legacy -I../Drivers/CMSIS/Device/ST/STM32F4xx/Include -I../Drivers/CMSIS/Include -O0 -ffunction-sections -fdata-sections -Wall -fstack-usage -fcyclomatic-complexity -MMD -MP -MF"Core/Src/stm32f4xx_it.d" -MT"Core/Src/stm32f4xx_it.o" --specs=nano.specs -mfpu=fpv4-sp-d16 -mfloat-abi=hard -mthumb -o "Core/Src/stm32f4xx_it.o"
arm-none-eabi-gcc "../Core/Src/syscalls.c" -mcpu=cortex-m4 -std=gnu11 -g3 -DDEBUG -DUSE_HAL_DRIVER -DSTM32F411xE -c -I../Core/Inc -I"C:/University/2026-Summer/Project/ARTP/firmware/stm32_firmware/STM32_mainmodule/STM32_mainmodule/Drivers/OLED" -I../Drivers/STM32F4xx_HAL_Driver/Inc -I../Drivers/STM32F4xx_HAL_Driver/Inc/Legacy -I../Drivers/CMSIS/Device/ST/STM32F4xx/Include -I../Drivers/CMSIS/Include -O0 -ffunction-sections -fdata-sections -Wall -fstack-usage -fcyclomatic-complexity -MMD -MP -MF"Core/Src/syscalls.d" -MT"Core/Src/syscalls.o" --specs=nano.specs -mfpu=fpv4-sp-d16 -mfloat-abi=hard -mthumb -o "Core/Src/syscalls.o"
arm-none-eabi-gcc "../Core/Src/sysmem.c" -mcpu=cortex-m4 -std=gnu11 -g3 -DDEBUG -DUSE_HAL_DRIVER -DSTM32F411xE -c -I../Core/Inc -I"C:/University/2026-Summer/Project/ARTP/firmware/stm32_firmware/STM32_mainmodule/STM32_mainmodule/Drivers/OLED" -I../Drivers/STM32F4xx_HAL_Driver/Inc -I../Drivers/STM32F4xx_HAL_Driver/Inc/Legacy -I../Drivers/CMSIS/Device/ST/STM32F4xx/Include -I../Drivers/CMSIS/Include -O0 -ffunction-sections -fdata-sections -Wall -fstack-usage -fcyclomatic-complexity -MMD -MP -MF"Core/Src/sysmem.d" -MT"Core/Src/sysmem.o" --specs=nano.specs -mfpu=fpv4-sp-d16 -mfloat-abi=hard -mthumb -o "Core/Src/sysmem.o"
arm-none-eabi-gcc "../Core/Src/system_stm32f4xx.c" -mcpu=cortex-m4 -std=gnu11 -g3 -DDEBUG -DUSE_HAL_DRIVER -DSTM32F411xE -c -I../Core/Inc -I"C:/University/2026-Summer/Project/ARTP/firmware/stm32_firmware/STM32_mainmodule/STM32_mainmodule/Drivers/OLED" -I../Drivers/STM32F4xx_HAL_Driver/Inc -I../Drivers/STM32F4xx_HAL_Driver/Inc/Legacy -I../Drivers/CMSIS/Device/ST/STM32F4xx/Include -I../Drivers/CMSIS/Include -O0 -ffunction-sections -fdata-sections -Wall -fstack-usage -fcyclomatic-complexity -MMD -MP -MF"Core/Src/system_stm32f4xx.d" -MT"Core/Src/system_stm32f4xx.o" --specs=nano.specs -mfpu=fpv4-sp-d16 -mfloat-abi=hard -mthumb -o "Core/Src/system_stm32f4xx.o"
arm-none-eabi-gcc "../Core/Src/usart.c" -mcpu=cortex-m4 -std=gnu11 -g3 -DDEBUG -DUSE_HAL_DRIVER -DSTM32F411xE -c -I../Core/Inc -I"C:/University/2026-Summer/Project/ARTP/firmware/stm32_firmware/STM32_mainmodule/STM32_mainmodule/Drivers/OLED" -I../Drivers/STM32F4xx_HAL_Driver/Inc -I../Drivers/STM32F4xx_HAL_Driver/Inc/Legacy -I../Drivers/CMSIS/Device/ST/STM32F4xx/Include -I../Drivers/CMSIS/Include -O0 -ffunction-sections -fdata-sections -Wall -fstack-usage -fcyclomatic-complexity -MMD -MP -MF"Core/Src/usart.d" -MT"Core/Src/usart.o" --specs=nano.specs -mfpu=fpv4-sp-d16 -mfloat-abi=hard -mthumb -o "Core/Src/usart.o"
../Core/Src/main.c: In function 'HAL_UARTEx_RxEventCallback':
../Core/Src/main.c:147:30: warning: unused variable 'temp_buf' [-Wunused-variable]
  147 |                         char temp_buf[256];
      |                              ^~~~~~~~
../Core/Src/main.c: In function 'main':
../Core/Src/main.c:240:22: warning: unused variable 'temp_buf' [-Wunused-variable]
  240 |                 char temp_buf[256];
      |                      ^~~~~~~~
arm-none-eabi-gcc -o "STM32_mainmodule.elf" @"objects.list"   -mcpu=cortex-m4 -T"C:\University\2026-Summer\Project\ARTP\firmware\stm32_firmware\STM32_mainmodule\STM32_mainmodule\STM32F411RETX_FLASH.ld" --specs=nosys.specs -Wl,-Map="STM32_mainmodule.map" -Wl,--gc-sections -static --specs=nano.specs -mfpu=fpv4-sp-d16 -mfloat-abi=hard -mthumb -Wl,--start-group -lc -lm -Wl,--end-group
Finished building target: STM32_mainmodule.elf
 
arm-none-eabi-size  STM32_mainmodule.elf 
arm-none-eabi-objdump -h -S STM32_mainmodule.elf  > "STM32_mainmodule.list"
   text	   data	    bss	    dec	    hex	filename
  30812	    108	   7556	  38476	   964c	STM32_mainmodule.elf
Finished building: default.size.stdout
 
Finished building: STM32_mainmodule.list
 
23:10:03 **** Incremental Build of configuration Debug for project STM32_mainmodule ****
make -j24 all 
arm-none-eabi-size  STM32_mainmodule.elf 
   text	   data	    bss	    dec	    hex	filename
  30812	    108	   7556	  38476	   964c	STM32_mainmodule.elf
Finished building: default.size.stdout
 
23:11:12 **** Incremental Build of configuration Debug for project STM32_mainmodule ****
make -j24 all 
arm-none-eabi-size  STM32_mainmodule.elf 
   text	   data	    bss	    dec	    hex	filename
  30812	    108	   7556	  38476	   964c	STM32_mainmodule.elf
Finished building: default.size.stdout
 
23:11:58 **** Incremental Build of configuration Debug for project STM32_mainmodule ****
make -j24 all 
arm-none-eabi-size  STM32_mainmodule.elf 
   text	   data	    bss	    dec	    hex	filename
  30812	    108	   7556	  38476	   964c	STM32_mainmodule.elf
Finished building: default.size.stdout
 
23:13:14 **** Incremental Build of configuration Debug for project STM32_mainmodule ****
make -j24 all 
arm-none-eabi-size  STM32_mainmodule.elf 
   text	   data	    bss	    dec	    hex	filename
  30812	    108	   7556	  38476	   964c	STM32_mainmodule.elf
Finished building: default.size.stdout
 
23:22:20 **** Incremental Build of configuration Debug for project STM32_mainmodule ****
make -j24 all 
arm-none-eabi-gcc -o "STM32_mainmodule.elf" @"objects.list"   -mcpu=cortex-m4 -T"C:\University\2026-Summer\Project\ARTP\firmware\stm32_firmware\STM32_mainmodule\STM32_mainmodule\STM32F411RETX_FLASH.ld" --specs=nosys.specs -Wl,-Map="STM32_mainmodule.map" -Wl,--gc-sections -static --specs=nano.specs -mfpu=fpv4-sp-d16 -mfloat-abi=hard -mthumb -Wl,--start-group -lc -lm -Wl,--end-group
Finished building target: STM32_mainmodule.elf
 
arm-none-eabi-size  STM32_mainmodule.elf 
arm-none-eabi-objdump -h -S STM32_mainmodule.elf  > "STM32_mainmodule.list"
   text	   data	    bss	    dec	    hex	filename
  30812	    108	   7556	  38476	   964c	STM32_mainmodule.elf
Finished building: default.size.stdout
 
Finished building: STM32_mainmodule.list
 
23:24:22 **** Incremental Build of configuration Debug for project STM32_mainmodule ****
make -j24 all 
arm-none-eabi-size  STM32_mainmodule.elf 
   text	   data	    bss	    dec	    hex	filename
  30812	    108	   7556	  38476	   964c	STM32_mainmodule.elf
Finished building: default.size.stdout
 
23:24:54 **** Incremental Build of configuration Debug for project STM32_mainmodule ****
make -j24 all 
arm-none-eabi-size  STM32_mainmodule.elf 
   text	   data	    bss	    dec	    hex	filename
  30812	    108	   7556	  38476	   964c	STM32_mainmodule.elf
Finished building: default.size.stdout
 
23:33:24 **** Incremental Build of configuration Debug for project STM32_mainmodule ****
make -j24 all 
arm-none-eabi-size  STM32_mainmodule.elf 
   text	   data	    bss	    dec	    hex	filename
  30812	    108	   7556	  38476	   964c	STM32_mainmodule.elf
Finished building: default.size.stdout
 
