14:16:52 **** Incremental Build of configuration Debug for project STM32_mainmodule ****
make -j24 all 
arm-none-eabi-size  STM32_mainmodule.elf 
   text	   data	    bss	    dec	    hex	filename
  30812	    108	   7556	  38476	   964c	STM32_mainmodule.elf
Finished building: default.size.stdout
 
14:17:10 **** Incremental Build of configuration Debug for project STM32_mainmodule ****
make -j24 all 
arm-none-eabi-size  STM32_mainmodule.elf 
   text	   data	    bss	    dec	    hex	filename
  30812	    108	   7556	  38476	   964c	STM32_mainmodule.elf
Finished building: default.size.stdout
 
14:17:36 **** Incremental Build of configuration Debug for project STM32_mainmodule ****
make -j24 all 
arm-none-eabi-size  STM32_mainmodule.elf 
   text	   data	    bss	    dec	    hex	filename
  30812	    108	   7556	  38476	   964c	STM32_mainmodule.elf
Finished building: default.size.stdout
 
15:15:37 **** Incremental Build of configuration Debug for project STM32_mainmodule ****
make -j24 all 
arm-none-eabi-gcc "../Core/Src/main.c" -mcpu=cortex-m4 -std=gnu11 -g3 -DDEBUG -DUSE_HAL_DRIVER -DSTM32F411xE -c -I../Core/Inc -I"C:/University/2026-Summer/Project/ARTP/firmware/stm32_firmware/STM32_mainmodule/STM32_mainmodule/Drivers/OLED" -I../Drivers/STM32F4xx_HAL_Driver/Inc -I../Drivers/STM32F4xx_HAL_Driver/Inc/Legacy -I../Drivers/CMSIS/Device/ST/STM32F4xx/Include -I../Drivers/CMSIS/Include -O0 -ffunction-sections -fdata-sections -Wall -fstack-usage -fcyclomatic-complexity -MMD -MP -MF"Core/Src/main.d" -MT"Core/Src/main.o" --specs=nano.specs -mfpu=fpv4-sp-d16 -mfloat-abi=hard -mthumb -o "Core/Src/main.o"
../Core/Src/main.c: In function 'HAL_UARTEx_RxEventCallback':
../Core/Src/main.c:147:30: warning: unused variable 'temp_buf' [-Wunused-variable]
  147 |                         char temp_buf[256];
      |                              ^~~~~~~~
../Core/Src/main.c: In function 'main':
../Core/Src/main.c:241:22: warning: unused variable 'temp_buf' [-Wunused-variable]
  241 |                 char temp_buf[256];
      |                      ^~~~~~~~
arm-none-eabi-gcc -o "STM32_mainmodule.elf" @"objects.list"   -mcpu=cortex-m4 -T"C:\University\2026-Summer\Project\ARTP\firmware\stm32_firmware\STM32_mainmodule\STM32_mainmodule\STM32F411RETX_FLASH.ld" --specs=nosys.specs -Wl,-Map="STM32_mainmodule.map" -Wl,--gc-sections -static --specs=nano.specs -mfpu=fpv4-sp-d16 -mfloat-abi=hard -mthumb -Wl,--start-group -lc -lm -Wl,--end-group
Finished building target: STM32_mainmodule.elf
 
arm-none-eabi-size  STM32_mainmodule.elf 
arm-none-eabi-objdump -h -S STM32_mainmodule.elf  > "STM32_mainmodule.list"
   text	   data	    bss	    dec	    hex	filename
  30812	    108	   7556	  38476	   964c	STM32_mainmodule.elf
Finished building: default.size.stdout
 
Finished building: STM32_mainmodule.list
 
15:16:09 **** Incremental Build of configuration Debug for project STM32_mainmodule ****
make -j24 all 
arm-none-eabi-size  STM32_mainmodule.elf 
   text	   data	    bss	    dec	    hex	filename
  30812	    108	   7556	  38476	   964c	STM32_mainmodule.elf
Finished building: default.size.stdout
 
15:16:47 **** Incremental Build of configuration Debug for project STM32_mainmodule ****
make -j24 all 
arm-none-eabi-size  STM32_mainmodule.elf 
   text	   data	    bss	    dec	    hex	filename
  30812	    108	   7556	  38476	   964c	STM32_mainmodule.elf
Finished building: default.size.stdout
 
15:23:46 **** Incremental Build of configuration Debug for project STM32_mainmodule ****
make -j24 all 
arm-none-eabi-size  STM32_mainmodule.elf 
   text	   data	    bss	    dec	    hex	filename
  30812	    108	   7556	  38476	   964c	STM32_mainmodule.elf
Finished building: default.size.stdout
 
15:52:31 **** Incremental Build of configuration Debug for project STM32_mainmodule ****
make -j24 all 
arm-none-eabi-gcc "../Core/Src/main.c" -mcpu=cortex-m4 -std=gnu11 -g3 -DDEBUG -DUSE_HAL_DRIVER -DSTM32F411xE -c -I../Core/Inc -I"C:/University/2026-Summer/Project/ARTP/firmware/stm32_firmware/STM32_mainmodule/STM32_mainmodule/Drivers/OLED" -I../Drivers/STM32F4xx_HAL_Driver/Inc -I../Drivers/STM32F4xx_HAL_Driver/Inc/Legacy -I../Drivers/CMSIS/Device/ST/STM32F4xx/Include -I../Drivers/CMSIS/Include -O0 -ffunction-sections -fdata-sections -Wall -fstack-usage -fcyclomatic-complexity -MMD -MP -MF"Core/Src/main.d" -MT"Core/Src/main.o" --specs=nano.specs -mfpu=fpv4-sp-d16 -mfloat-abi=hard -mthumb -o "Core/Src/main.o"
../Core/Src/main.c: In function 'HAL_UARTEx_RxEventCallback':
../Core/Src/main.c:147:30: warning: unused variable 'temp_buf' [-Wunused-variable]
  147 |                         char temp_buf[256];
      |                              ^~~~~~~~
../Core/Src/main.c: In function 'main':
../Core/Src/main.c:241:22: warning: unused variable 'temp_buf' [-Wunused-variable]
  241 |                 char temp_buf[256];
      |                      ^~~~~~~~
arm-none-eabi-gcc -o "STM32_mainmodule.elf" @"objects.list"   -mcpu=cortex-m4 -T"C:\University\2026-Summer\Project\ARTP\firmware\stm32_firmware\STM32_mainmodule\STM32_mainmodule\STM32F411RETX_FLASH.ld" --specs=nosys.specs -Wl,-Map="STM32_mainmodule.map" -Wl,--gc-sections -static --specs=nano.specs -mfpu=fpv4-sp-d16 -mfloat-abi=hard -mthumb -Wl,--start-group -lc -lm -Wl,--end-group
Finished building target: STM32_mainmodule.elf
 
arm-none-eabi-size  STM32_mainmodule.elf 
arm-none-eabi-objdump -h -S STM32_mainmodule.elf  > "STM32_mainmodule.list"
   text	   data	    bss	    dec	    hex	filename
  30812	    108	   7556	  38476	   964c	STM32_mainmodule.elf
Finished building: default.size.stdout
 
Finished building: STM32_mainmodule.list
 
21:29:51 **** Build of configuration Debug for project STM32_mainmodule ****
make -j24 all 
arm-none-eabi-gcc "../Core/Src/dma.c" -mcpu=cortex-m4 -std=gnu11 -g3 -DDEBUG -DUSE_HAL_DRIVER -DSTM32F411xE -c -I../Core/Inc -I"C:/University/2026-Summer/Project/ARTP/firmware/stm32_firmware/STM32_mainmodule/STM32_mainmodule/Drivers/OLED" -I../Drivers/STM32F4xx_HAL_Driver/Inc -I../Drivers/STM32F4xx_HAL_Driver/Inc/Legacy -I../Drivers/CMSIS/Device/ST/STM32F4xx/Include -I../Drivers/CMSIS/Include -O0 -ffunction-sections -fdata-sections -Wall -fstack-usage -fcyclomatic-complexity -MMD -MP -MF"Core/Src/dma.d" -MT"Core/Src/dma.o" --specs=nano.specs -mfpu=fpv4-sp-d16 -mfloat-abi=hard -mthumb -o "Core/Src/dma.o"
arm-none-eabi-gcc "../Core/Src/main.c" -mcpu=cortex-m4 -std=gnu11 -g3 -DDEBUG -DUSE_HAL_DRIVER -DSTM32F411xE -c -I../Core/Inc -I"C:/University/2026-Summer/Project/ARTP/firmware/stm32_firmware/STM32_mainmodule/STM32_mainmodule/Drivers/OLED" -I../Drivers/STM32F4xx_HAL_Driver/Inc -I../Drivers/STM32F4xx_HAL_Driver/Inc/Legacy -I../Drivers/CMSIS/Device/ST/STM32F4xx/Include -I../Drivers/CMSIS/Include -O0 -ffunction-sections -fdata-sections -Wall -fstack-usage -fcyclomatic-complexity -MMD -MP -MF"Core/Src/main.d" -MT"Core/Src/main.o" --specs=nano.specs -mfpu=fpv4-sp-d16 -mfloat-abi=hard -mthumb -o "Core/Src/main.o"
arm-none-eabi-gcc "../Core/Src/stm32f4xx_it.c" -mcpu=cortex-m4 -std=gnu11 -g3 -DDEBUG -DUSE_HAL_DRIVER -DSTM32F411xE -c -I../Core/Inc -I"C:/University/2026-Summer/Project/ARTP/firmware/stm32_firmware/STM32_mainmodule/STM32_mainmodule/Drivers/OLED" -I../Drivers/STM32F4xx_HAL_Driver/Inc -I../Drivers/STM32F4xx_HAL_Driver/Inc/Legacy -I../Drivers/CMSIS/Device/ST/STM32F4xx/Include -I../Drivers/CMSIS/Include -O0 -ffunction-sections -fdata-sections -Wall -fstack-usage -fcyclomatic-complexity -MMD -MP -MF"Core/Src/stm32f4xx_it.d" -MT"Core/Src/stm32f4xx_it.o" --specs=nano.specs -mfpu=fpv4-sp-d16 -mfloat-abi=hard -mthumb -o "Core/Src/stm32f4xx_it.o"
arm-none-eabi-gcc "../Core/Src/usart.c" -mcpu=cortex-m4 -std=gnu11 -g3 -DDEBUG -DUSE_HAL_DRIVER -DSTM32F411xE -c -I../Core/Inc -I"C:/University/2026-Summer/Project/ARTP/firmware/stm32_firmware/STM32_mainmodule/STM32_mainmodule/Drivers/OLED" -I../Drivers/STM32F4xx_HAL_Driver/Inc -I../Drivers/STM32F4xx_HAL_Driver/Inc/Legacy -I../Drivers/CMSIS/Device/ST/STM32F4xx/Include -I../Drivers/CMSIS/Include -O0 -ffunction-sections -fdata-sections -Wall -fstack-usage -fcyclomatic-complexity -MMD -MP -MF"Core/Src/usart.d" -MT"Core/Src/usart.o" --specs=nano.specs -mfpu=fpv4-sp-d16 -mfloat-abi=hard -mthumb -o "Core/Src/usart.o"
../Core/Src/main.c: In function 'HAL_UARTEx_RxEventCallback':
../Core/Src/main.c:147:30: warning: unused variable 'temp_buf' [-Wunused-variable]
  147 |                         char temp_buf[256];
      |                              ^~~~~~~~
../Core/Src/main.c: In function 'main':
../Core/Src/main.c:242:22: warning: unused variable 'temp_buf' [-Wunused-variable]
  242 |                 char temp_buf[256];
      |                      ^~~~~~~~
../Core/Src/main.c:288:45: error: 'maxlen' undeclared (first use in this function)
  288 |         HAL_UART_Transmit_DMA(&huart2, val, maxlen);
      |                                             ^~~~~~
../Core/Src/main.c:288:45: note: each undeclared identifier is reported only once for each function it appears in
make: *** [Core/Src/subdir.mk:55: Core/Src/main.o] Error 1
"make -j24 all" terminated with exit code 2. Build might be incomplete.
21:31:05 **** Incremental Build of configuration Debug for project STM32_mainmodule ****
make -j24 all 
arm-none-eabi-gcc "../Core/Src/main.c" -mcpu=cortex-m4 -std=gnu11 -g3 -DDEBUG -DUSE_HAL_DRIVER -DSTM32F411xE -c -I../Core/Inc -I"C:/University/2026-Summer/Project/ARTP/firmware/stm32_firmware/STM32_mainmodule/STM32_mainmodule/Drivers/OLED" -I../Drivers/STM32F4xx_HAL_Driver/Inc -I../Drivers/STM32F4xx_HAL_Driver/Inc/Legacy -I../Drivers/CMSIS/Device/ST/STM32F4xx/Include -I../Drivers/CMSIS/Include -O0 -ffunction-sections -fdata-sections -Wall -fstack-usage -fcyclomatic-complexity -MMD -MP -MF"Core/Src/main.d" -MT"Core/Src/main.o" --specs=nano.specs -mfpu=fpv4-sp-d16 -mfloat-abi=hard -mthumb -o "Core/Src/main.o"
../Core/Src/main.c: In function 'HAL_UARTEx_RxEventCallback':
../Core/Src/main.c:147:30: warning: unused variable 'temp_buf' [-Wunused-variable]
  147 |                         char temp_buf[256];
      |                              ^~~~~~~~
../Core/Src/main.c: In function 'main':
../Core/Src/main.c:242:22: warning: unused variable 'temp_buf' [-Wunused-variable]
  242 |                 char temp_buf[256];
      |                      ^~~~~~~~
arm-none-eabi-gcc -o "STM32_mainmodule.elf" @"objects.list"   -mcpu=cortex-m4 -T"C:\University\2026-Summer\Project\ARTP\firmware\stm32_firmware\STM32_mainmodule\STM32_mainmodule\STM32F411RETX_FLASH.ld" --specs=nosys.specs -Wl,-Map="STM32_mainmodule.map" -Wl,--gc-sections -static --specs=nano.specs -mfpu=fpv4-sp-d16 -mfloat-abi=hard -mthumb -Wl,--start-group -lc -lm -Wl,--end-group
Finished building target: STM32_mainmodule.elf
 
arm-none-eabi-size  STM32_mainmodule.elf 
arm-none-eabi-objdump -h -S STM32_mainmodule.elf  > "STM32_mainmodule.list"
   text	   data	    bss	    dec	    hex	filename
  29736	    108	   7652	  37496	   9278	STM32_mainmodule.elf
Finished building: default.size.stdout
 
Finished building: STM32_mainmodule.list
 
21:31:23 **** Incremental Build of configuration Debug for project STM32_mainmodule ****
make -j24 all 
arm-none-eabi-size  STM32_mainmodule.elf 
   text	   data	    bss	    dec	    hex	filename
  29736	    108	   7652	  37496	   9278	STM32_mainmodule.elf
Finished building: default.size.stdout
 
21:37:28 **** Incremental Build of configuration Debug for project STM32_mainmodule ****
make -j24 all 
arm-none-eabi-gcc "../Core/Src/main.c" -mcpu=cortex-m4 -std=gnu11 -g3 -DDEBUG -DUSE_HAL_DRIVER -DSTM32F411xE -c -I../Core/Inc -I"C:/University/2026-Summer/Project/ARTP/firmware/stm32_firmware/STM32_mainmodule/STM32_mainmodule/Drivers/OLED" -I../Drivers/STM32F4xx_HAL_Driver/Inc -I../Drivers/STM32F4xx_HAL_Driver/Inc/Legacy -I../Drivers/CMSIS/Device/ST/STM32F4xx/Include -I../Drivers/CMSIS/Include -O0 -ffunction-sections -fdata-sections -Wall -fstack-usage -fcyclomatic-complexity -MMD -MP -MF"Core/Src/main.d" -MT"Core/Src/main.o" --specs=nano.specs -mfpu=fpv4-sp-d16 -mfloat-abi=hard -mthumb -o "Core/Src/main.o"
../Core/Src/main.c: In function 'HAL_UARTEx_RxEventCallback':
../Core/Src/main.c:147:30: warning: unused variable 'temp_buf' [-Wunused-variable]
  147 |                         char temp_buf[256];
      |                              ^~~~~~~~
../Core/Src/main.c: In function 'main':
../Core/Src/main.c:242:22: warning: unused variable 'temp_buf' [-Wunused-variable]
  242 |                 char temp_buf[256];
      |                      ^~~~~~~~
arm-none-eabi-gcc -o "STM32_mainmodule.elf" @"objects.list"   -mcpu=cortex-m4 -T"C:\University\2026-Summer\Project\ARTP\firmware\stm32_firmware\STM32_mainmodule\STM32_mainmodule\STM32F411RETX_FLASH.ld" --specs=nosys.specs -Wl,-Map="STM32_mainmodule.map" -Wl,--gc-sections -static --specs=nano.specs -mfpu=fpv4-sp-d16 -mfloat-abi=hard -mthumb -Wl,--start-group -lc -lm -Wl,--end-group
Finished building target: STM32_mainmodule.elf
 
arm-none-eabi-size  STM32_mainmodule.elf 
arm-none-eabi-objdump -h -S STM32_mainmodule.elf  > "STM32_mainmodule.list"
   text	   data	    bss	    dec	    hex	filename
  29736	    108	   7652	  37496	   9278	STM32_mainmodule.elf
Finished building: default.size.stdout
 
Finished building: STM32_mainmodule.list
 
21:39:46 **** Build of configuration Debug for project STM32_mainmodule ****
make -j24 all 
arm-none-eabi-size  STM32_mainmodule.elf 
   text	   data	    bss	    dec	    hex	filename
  29736	    108	   7652	  37496	   9278	STM32_mainmodule.elf
Finished building: default.size.stdout
 
22:25:32 **** Incremental Build of configuration Debug for project STM32_mainmodule ****
make -j24 all 
arm-none-eabi-gcc "../Core/Src/LED.c" -mcpu=cortex-m4 -std=gnu11 -g3 -DDEBUG -DUSE_HAL_DRIVER -DSTM32F411xE -c -I../Core/Inc -I"C:/University/2026-Summer/Project/ARTP/firmware/stm32_firmware/STM32_mainmodule/STM32_mainmodule/Drivers/OLED" -I../Drivers/STM32F4xx_HAL_Driver/Inc -I../Drivers/STM32F4xx_HAL_Driver/Inc/Legacy -I../Drivers/CMSIS/Device/ST/STM32F4xx/Include -I../Drivers/CMSIS/Include -O0 -ffunction-sections -fdata-sections -Wall -fstack-usage -fcyclomatic-complexity -MMD -MP -MF"Core/Src/LED.d" -MT"Core/Src/LED.o" --specs=nano.specs -mfpu=fpv4-sp-d16 -mfloat-abi=hard -mthumb -o "Core/Src/LED.o"
arm-none-eabi-gcc "../Core/Src/OLED.c" -mcpu=cortex-m4 -std=gnu11 -g3 -DDEBUG -DUSE_HAL_DRIVER -DSTM32F411xE -c -I../Core/Inc -I"C:/University/2026-Summer/Project/ARTP/firmware/stm32_firmware/STM32_mainmodule/STM32_mainmodule/Drivers/OLED" -I../Drivers/STM32F4xx_HAL_Driver/Inc -I../Drivers/STM32F4xx_HAL_Driver/Inc/Legacy -I../Drivers/CMSIS/Device/ST/STM32F4xx/Include -I../Drivers/CMSIS/Include -O0 -ffunction-sections -fdata-sections -Wall -fstack-usage -fcyclomatic-complexity -MMD -MP -MF"Core/Src/OLED.d" -MT"Core/Src/OLED.o" --specs=nano.specs -mfpu=fpv4-sp-d16 -mfloat-abi=hard -mthumb -o "Core/Src/OLED.o"
arm-none-eabi-gcc "../Core/Src/UARTCom.c" -mcpu=cortex-m4 -std=gnu11 -g3 -DDEBUG -DUSE_HAL_DRIVER -DSTM32F411xE -c -I../Core/Inc -I"C:/University/2026-Summer/Project/ARTP/firmware/stm32_firmware/STM32_mainmodule/STM32_mainmodule/Drivers/OLED" -I../Drivers/STM32F4xx_HAL_Driver/Inc -I../Drivers/STM32F4xx_HAL_Driver/Inc/Legacy -I../Drivers/CMSIS/Device/ST/STM32F4xx/Include -I../Drivers/CMSIS/Include -O0 -ffunction-sections -fdata-sections -Wall -fstack-usage -fcyclomatic-complexity -MMD -MP -MF"Core/Src/UARTCom.d" -MT"Core/Src/UARTCom.o" --specs=nano.specs -mfpu=fpv4-sp-d16 -mfloat-abi=hard -mthumb -o "Core/Src/UARTCom.o"
arm-none-eabi-gcc "../Core/Src/data_handling.c" -mcpu=cortex-m4 -std=gnu11 -g3 -DDEBUG -DUSE_HAL_DRIVER -DSTM32F411xE -c -I../Core/Inc -I"C:/University/2026-Summer/Project/ARTP/firmware/stm32_firmware/STM32_mainmodule/STM32_mainmodule/Drivers/OLED" -I../Drivers/STM32F4xx_HAL_Driver/Inc -I../Drivers/STM32F4xx_HAL_Driver/Inc/Legacy -I../Drivers/CMSIS/Device/ST/STM32F4xx/Include -I../Drivers/CMSIS/Include -O0 -ffunction-sections -fdata-sections -Wall -fstack-usage -fcyclomatic-complexity -MMD -MP -MF"Core/Src/data_handling.d" -MT"Core/Src/data_handling.o" --specs=nano.specs -mfpu=fpv4-sp-d16 -mfloat-abi=hard -mthumb -o "Core/Src/data_handling.o"
arm-none-eabi-gcc "../Core/Src/dma.c" -mcpu=cortex-m4 -std=gnu11 -g3 -DDEBUG -DUSE_HAL_DRIVER -DSTM32F411xE -c -I../Core/Inc -I"C:/University/2026-Summer/Project/ARTP/firmware/stm32_firmware/STM32_mainmodule/STM32_mainmodule/Drivers/OLED" -I../Drivers/STM32F4xx_HAL_Driver/Inc -I../Drivers/STM32F4xx_HAL_Driver/Inc/Legacy -I../Drivers/CMSIS/Device/ST/STM32F4xx/Include -I../Drivers/CMSIS/Include -O0 -ffunction-sections -fdata-sections -Wall -fstack-usage -fcyclomatic-complexity -MMD -MP -MF"Core/Src/dma.d" -MT"Core/Src/dma.o" --specs=nano.specs -mfpu=fpv4-sp-d16 -mfloat-abi=hard -mthumb -o "Core/Src/dma.o"
arm-none-eabi-gcc "../Core/Src/gpio.c" -mcpu=cortex-m4 -std=gnu11 -g3 -DDEBUG -DUSE_HAL_DRIVER -DSTM32F411xE -c -I../Core/Inc -I"C:/University/2026-Summer/Project/ARTP/firmware/stm32_firmware/STM32_mainmodule/STM32_mainmodule/Drivers/OLED" -I../Drivers/STM32F4xx_HAL_Driver/Inc -I../Drivers/STM32F4xx_HAL_Driver/Inc/Legacy -I../Drivers/CMSIS/Device/ST/STM32F4xx/Include -I../Drivers/CMSIS/Include -O0 -ffunction-sections -fdata-sections -Wall -fstack-usage -fcyclomatic-complexity -MMD -MP -MF"Core/Src/gpio.d" -MT"Core/Src/gpio.o" --specs=nano.specs -mfpu=fpv4-sp-d16 -mfloat-abi=hard -mthumb -o "Core/Src/gpio.o"
arm-none-eabi-gcc "../Core/Src/i2c.c" -mcpu=cortex-m4 -std=gnu11 -g3 -DDEBUG -DUSE_HAL_DRIVER -DSTM32F411xE -c -I../Core/Inc -I"C:/University/2026-Summer/Project/ARTP/firmware/stm32_firmware/STM32_mainmodule/STM32_mainmodule/Drivers/OLED" -I../Drivers/STM32F4xx_HAL_Driver/Inc -I../Drivers/STM32F4xx_HAL_Driver/Inc/Legacy -I../Drivers/CMSIS/Device/ST/STM32F4xx/Include -I../Drivers/CMSIS/Include -O0 -ffunction-sections -fdata-sections -Wall -fstack-usage -fcyclomatic-complexity -MMD -MP -MF"Core/Src/i2c.d" -MT"Core/Src/i2c.o" --specs=nano.specs -mfpu=fpv4-sp-d16 -mfloat-abi=hard -mthumb -o "Core/Src/i2c.o"
arm-none-eabi-gcc "../Core/Src/main.c" -mcpu=cortex-m4 -std=gnu11 -g3 -DDEBUG -DUSE_HAL_DRIVER -DSTM32F411xE -c -I../Core/Inc -I"C:/University/2026-Summer/Project/ARTP/firmware/stm32_firmware/STM32_mainmodule/STM32_mainmodule/Drivers/OLED" -I../Drivers/STM32F4xx_HAL_Driver/Inc -I../Drivers/STM32F4xx_HAL_Driver/Inc/Legacy -I../Drivers/CMSIS/Device/ST/STM32F4xx/Include -I../Drivers/CMSIS/Include -O0 -ffunction-sections -fdata-sections -Wall -fstack-usage -fcyclomatic-complexity -MMD -MP -MF"Core/Src/main.d" -MT"Core/Src/main.o" --specs=nano.specs -mfpu=fpv4-sp-d16 -mfloat-abi=hard -mthumb -o "Core/Src/main.o"
arm-none-eabi-gcc "../Core/Src/stm32f4xx_hal_msp.c" -mcpu=cortex-m4 -std=gnu11 -g3 -DDEBUG -DUSE_HAL_DRIVER -DSTM32F411xE -c -I../Core/Inc -I"C:/University/2026-Summer/Project/ARTP/firmware/stm32_firmware/STM32_mainmodule/STM32_mainmodule/Drivers/OLED" -I../Drivers/STM32F4xx_HAL_Driver/Inc -I../Drivers/STM32F4xx_HAL_Driver/Inc/Legacy -I../Drivers/CMSIS/Device/ST/STM32F4xx/Include -I../Drivers/CMSIS/Include -O0 -ffunction-sections -fdata-sections -Wall -fstack-usage -fcyclomatic-complexity -MMD -MP -MF"Core/Src/stm32f4xx_hal_msp.d" -MT"Core/Src/stm32f4xx_hal_msp.o" --specs=nano.specs -mfpu=fpv4-sp-d16 -mfloat-abi=hard -mthumb -o "Core/Src/stm32f4xx_hal_msp.o"
arm-none-eabi-gcc "../Core/Src/stm32f4xx_it.c" -mcpu=cortex-m4 -std=gnu11 -g3 -DDEBUG -DUSE_HAL_DRIVER -DSTM32F411xE -c -I../Core/Inc -I"C:/University/2026-Summer/Project/ARTP/firmware/stm32_firmware/STM32_mainmodule/STM32_mainmodule/Drivers/OLED" -I../Drivers/STM32F4xx_HAL_Driver/Inc -I../Drivers/STM32F4xx_HAL_Driver/Inc/Legacy -I../Drivers/CMSIS/Device/ST/STM32F4xx/Include -I../Drivers/CMSIS/Include -O0 -ffunction-sections -fdata-sections -Wall -fstack-usage -fcyclomatic-complexity -MMD -MP -MF"Core/Src/stm32f4xx_it.d" -MT"Core/Src/stm32f4xx_it.o" --specs=nano.specs -mfpu=fpv4-sp-d16 -mfloat-abi=hard -mthumb -o "Core/Src/stm32f4xx_it.o"
arm-none-eabi-gcc "../Core/Src/syscalls.c" -mcpu=cortex-m4 -std=gnu11 -g3 -DDEBUG -DUSE_HAL_DRIVER -DSTM32F411xE -c -I../Core/Inc -I"C:/University/2026-Summer/Project/ARTP/firmware/stm32_firmware/STM32_mainmodule/STM32_mainmodule/Drivers/OLED" -I../Drivers/STM32F4xx_HAL_Driver/Inc -I../Drivers/STM32F4xx_HAL_Driver/Inc/Legacy -I../Drivers/CMSIS/Device/ST/STM32F4xx/Include -I../Drivers/CMSIS/Include -O0 -ffunction-sections -fdata-sections -Wall -fstack-usage -fcyclomatic-complexity -MMD -MP -MF"Core/Src/syscalls.d" -MT"Core/Src/syscalls.o" --specs=nano.specs -mfpu=fpv4-sp-d16 -mfloat-abi=hard -mthumb -o "Core/Src/syscalls.o"
arm-none-eabi-gcc "../Core/Src/sysmem.c" -mcpu=cortex-m4 -std=gnu11 -g3 -DDEBUG -DUSE_HAL_DRIVER -DSTM32F411xE -c -I../Core/Inc -I"C:/University/2026-Summer/Project/ARTP/firmware/stm32_firmware/STM32_mainmodule/STM32_mainmodule/Drivers/OLED" -I../Drivers/STM32F4xx_HAL_Driver/Inc -I../Drivers/STM32F4xx_HAL_Driver/Inc/Legacy -I../Drivers/CMSIS/Device/ST/STM32F4xx/Include -I../Drivers/CMSIS/Include -O0 -ffunction-sections -fdata-sections -Wall -fstack-usage -fcyclomatic-complexity -MMD -MP -MF"Core/Src/sysmem.d" -MT"Core/Src/sysmem.o" --specs=nano.specs -mfpu=fpv4-sp-d16 -mfloat-abi=hard -mthumb -o "Core/Src/sysmem.o"
arm-none-eabi-gcc "../Core/Src/system_stm32f4xx.c" -mcpu=cortex-m4 -std=gnu11 -g3 -DDEBUG -DUSE_HAL_DRIVER -DSTM32F411xE -c -I../Core/Inc -I"C:/University/2026-Summer/Project/ARTP/firmware/stm32_firmware/STM32_mainmodule/STM32_mainmodule/Drivers/OLED" -I../Drivers/STM32F4xx_HAL_Driver/Inc -I../Drivers/STM32F4xx_HAL_Driver/Inc/Legacy -I../Drivers/CMSIS/Device/ST/STM32F4xx/Include -I../Drivers/CMSIS/Include -O0 -ffunction-sections -fdata-sections -Wall -fstack-usage -fcyclomatic-complexity -MMD -MP -MF"Core/Src/system_stm32f4xx.d" -MT"Core/Src/system_stm32f4xx.o" --specs=nano.specs -mfpu=fpv4-sp-d16 -mfloat-abi=hard -mthumb -o "Core/Src/system_stm32f4xx.o"
arm-none-eabi-gcc "../Core/Src/usart.c" -mcpu=cortex-m4 -std=gnu11 -g3 -DDEBUG -DUSE_HAL_DRIVER -DSTM32F411xE -c -I../Core/Inc -I"C:/University/2026-Summer/Project/ARTP/firmware/stm32_firmware/STM32_mainmodule/STM32_mainmodule/Drivers/OLED" -I../Drivers/STM32F4xx_HAL_Driver/Inc -I../Drivers/STM32F4xx_HAL_Driver/Inc/Legacy -I../Drivers/CMSIS/Device/ST/STM32F4xx/Include -I../Drivers/CMSIS/Include -O0 -ffunction-sections -fdata-sections -Wall -fstack-usage -fcyclomatic-complexity -MMD -MP -MF"Core/Src/usart.d" -MT"Core/Src/usart.o" --specs=nano.specs -mfpu=fpv4-sp-d16 -mfloat-abi=hard -mthumb -o "Core/Src/usart.o"
../Core/Src/UARTCom.c: In function 'HAL_UARTEx_RxEventCallback':
../Core/Src/main.c: In function 'HAL_UARTEx_RxEventCallback':
../Core/Src/UARTCom.c:90:30: warning: unused variable 'temp_buf' [-Wunused-variable]
   90 |                         char temp_buf[256];
      |                              ^~~~~~~~
../Core/Src/main.c:127:30: warning: unused variable 'temp_buf' [-Wunused-variable]
  127 |                         char temp_buf[256];
      |                              ^~~~~~~~
../Core/Src/main.c: In function 'main':
../Core/Src/main.c:208:22: warning: unused variable 'temp_buf' [-Wunused-variable]
  208 |                 char temp_buf[256];
      |                      ^~~~~~~~
../Core/Src/UARTCom.c: At top level:
../Core/Src/UARTCom.c:122:1: warning: data definition has no type or storage class
  122 | rx_val[0] = 0;
      | ^~~~~~
../Core/Src/UARTCom.c:122:1: error: type defaults to 'int' in declaration of 'rx_val' [-Wimplicit-int]
../Core/Src/UARTCom.c:122:1: error: conflicting types for 'rx_val'; have 'int[0]'
../Core/Src/UARTCom.c:61:9: note: previous declaration of 'rx_val' with type 'uint8_t[4096]' {aka 'unsigned char[4096]'}
   61 | uint8_t rx_val[MAXLEN];
      |         ^~~~~~
../Core/Src/UARTCom.c:122:13: error: invalid initializer
  122 | rx_val[0] = 0;
      |             ^
make: *** [Core/Src/subdir.mk:58: Core/Src/UARTCom.o] Error 1
make: *** Waiting for unfinished jobs....
"make -j24 all" terminated with exit code 2. Build might be incomplete.
22:27:21 **** Incremental Build of configuration Debug for project STM32_mainmodule ****
make -j24 all 
arm-none-eabi-gcc "../Core/Src/UARTCom.c" -mcpu=cortex-m4 -std=gnu11 -g3 -DDEBUG -DUSE_HAL_DRIVER -DSTM32F411xE -c -I../Core/Inc -I"C:/University/2026-Summer/Project/ARTP/firmware/stm32_firmware/STM32_mainmodule/STM32_mainmodule/Drivers/OLED" -I../Drivers/STM32F4xx_HAL_Driver/Inc -I../Drivers/STM32F4xx_HAL_Driver/Inc/Legacy -I../Drivers/CMSIS/Device/ST/STM32F4xx/Include -I../Drivers/CMSIS/Include -O0 -ffunction-sections -fdata-sections -Wall -fstack-usage -fcyclomatic-complexity -MMD -MP -MF"Core/Src/UARTCom.d" -MT"Core/Src/UARTCom.o" --specs=nano.specs -mfpu=fpv4-sp-d16 -mfloat-abi=hard -mthumb -o "Core/Src/UARTCom.o"
arm-none-eabi-gcc -o "STM32_mainmodule.elf" @"objects.list"   -mcpu=cortex-m4 -T"C:\University\2026-Summer\Project\ARTP\firmware\stm32_firmware\STM32_mainmodule\STM32_mainmodule\STM32F411RETX_FLASH.ld" --specs=nosys.specs -Wl,-Map="STM32_mainmodule.map" -Wl,--gc-sections -static --specs=nano.specs -mfpu=fpv4-sp-d16 -mfloat-abi=hard -mthumb -Wl,--start-group -lc -lm -Wl,--end-group
C:/ST/STM32CubeIDE_2.1.1/STM32CubeIDE/plugins/com.st.stm32cube.ide.mcu.externaltools.gnu-tools-for-stm32.14.3.rel1.win32_1.0.100.202602081740/tools/bin/../lib/gcc/arm-none-eabi/14.3.1/../../../../arm-none-eabi/bin/ld.exe: ./Core/Src/main.o:C:/University/2026-Summer/Project/ARTP/firmware/stm32_firmware/STM32_mainmodule/STM32_mainmodule/Debug/../Core/Src/main.c:87: multiple definition of `count'; ./Core/Src/UARTCom.o:C:/University/2026-Summer/Project/ARTP/firmware/stm32_firmware/STM32_mainmodule/STM32_mainmodule/Debug/../Core/Src/UARTCom.c:56: first defined here
C:/ST/STM32CubeIDE_2.1.1/STM32CubeIDE/plugins/com.st.stm32cube.ide.mcu.externaltools.gnu-tools-for-stm32.14.3.rel1.win32_1.0.100.202602081740/tools/bin/../lib/gcc/arm-none-eabi/14.3.1/../../../../arm-none-eabi/bin/ld.exe: ./Core/Src/main.o:C:/University/2026-Summer/Project/ARTP/firmware/stm32_firmware/STM32_mainmodule/STM32_mainmodule/Debug/../Core/Src/main.c:91: multiple definition of `isReceive'; ./Core/Src/UARTCom.o:C:/University/2026-Summer/Project/ARTP/firmware/stm32_firmware/STM32_mainmodule/STM32_mainmodule/Debug/../Core/Src/UARTCom.c:59: first defined here
C:/ST/STM32CubeIDE_2.1.1/STM32CubeIDE/plugins/com.st.stm32cube.ide.mcu.externaltools.gnu-tools-for-stm32.14.3.rel1.win32_1.0.100.202602081740/tools/bin/../lib/gcc/arm-none-eabi/14.3.1/../../../../arm-none-eabi/bin/ld.exe: ./Core/Src/main.o:C:/University/2026-Summer/Project/ARTP/firmware/stm32_firmware/STM32_mainmodule/STM32_mainmodule/Debug/../Core/Src/main.c:92: multiple definition of `receive_count'; ./Core/Src/UARTCom.o:C:/University/2026-Summer/Project/ARTP/firmware/stm32_firmware/STM32_mainmodule/STM32_mainmodule/Debug/../Core/Src/UARTCom.c:60: first defined here
C:/ST/STM32CubeIDE_2.1.1/STM32CubeIDE/plugins/com.st.stm32cube.ide.mcu.externaltools.gnu-tools-for-stm32.14.3.rel1.win32_1.0.100.202602081740/tools/bin/../lib/gcc/arm-none-eabi/14.3.1/../../../../arm-none-eabi/bin/ld.exe: ./Core/Src/main.o:C:/University/2026-Summer/Project/ARTP/firmware/stm32_firmware/STM32_mainmodule/STM32_mainmodule/Debug/../Core/Src/main.c:96: multiple definition of `rx_temp'; ./Core/Src/UARTCom.o:C:/University/2026-Summer/Project/ARTP/firmware/stm32_firmware/STM32_mainmodule/STM32_mainmodule/Debug/../Core/Src/UARTCom.c:62: first defined here
C:/ST/STM32CubeIDE_2.1.1/STM32CubeIDE/plugins/com.st.stm32cube.ide.mcu.externaltools.gnu-tools-for-stm32.14.3.rel1.win32_1.0.100.202602081740/tools/bin/../lib/gcc/arm-none-eabi/14.3.1/../../../../arm-none-eabi/bin/ld.exe: ./Core/Src/main.o:C:/University/2026-Summer/Project/ARTP/firmware/stm32_firmware/STM32_mainmodule/STM32_mainmodule/Debug/../Core/Src/main.c:101: multiple definition of `temp_index'; ./Core/Src/UARTCom.o:C:/University/2026-Summer/Project/ARTP/firmware/stm32_firmware/STM32_mainmodule/STM32_mainmodule/Debug/../Core/Src/UARTCom.c:66: first defined here
C:/ST/STM32CubeIDE_2.1.1/STM32CubeIDE/plugins/com.st.stm32cube.ide.mcu.externaltools.gnu-tools-for-stm32.14.3.rel1.win32_1.0.100.202602081740/tools/bin/../lib/gcc/arm-none-eabi/14.3.1/../../../../arm-none-eabi/bin/ld.exe: ./Core/Src/main.o:C:/University/2026-Summer/Project/ARTP/firmware/stm32_firmware/STM32_mainmodule/STM32_mainmodule/Debug/../Core/Src/main.c:102: multiple definition of `rx_index'; ./Core/Src/UARTCom.o:C:/University/2026-Summer/Project/ARTP/firmware/stm32_firmware/STM32_mainmodule/STM32_mainmodule/Debug/../Core/Src/UARTCom.c:67: first defined here
C:/ST/STM32CubeIDE_2.1.1/STM32CubeIDE/plugins/com.st.stm32cube.ide.mcu.externaltools.gnu-tools-for-stm32.14.3.rel1.win32_1.0.100.202602081740/tools/bin/../lib/gcc/arm-none-eabi/14.3.1/../../../../arm-none-eabi/bin/ld.exe: ./Core/Src/main.o:C:/University/2026-Summer/Project/ARTP/firmware/stm32_firmware/STM32_mainmodule/STM32_mainmodule/Debug/../Core/Src/main.c:104: multiple definition of `enable_timer'; ./Core/Src/UARTCom.o:C:/University/2026-Summer/Project/ARTP/firmware/stm32_firmware/STM32_mainmodule/STM32_mainmodule/Debug/../Core/Inc/UARTCom.h:35: first defined here
C:/ST/STM32CubeIDE_2.1.1/STM32CubeIDE/plugins/com.st.stm32cube.ide.mcu.externaltools.gnu-tools-for-stm32.14.3.rel1.win32_1.0.100.202602081740/tools/bin/../lib/gcc/arm-none-eabi/14.3.1/../../../../arm-none-eabi/bin/ld.exe: ./Core/Src/main.o:C:/University/2026-Summer/Project/ARTP/firmware/stm32_firmware/STM32_mainmodule/STM32_mainmodule/Debug/../Core/Src/main.c:105: multiple definition of `timer'; ./Core/Src/UARTCom.o:C:/University/2026-Summer/Project/ARTP/firmware/stm32_firmware/STM32_mainmodule/STM32_mainmodule/Debug/../Core/Inc/UARTCom.h:36: first defined here
C:/ST/STM32CubeIDE_2.1.1/STM32CubeIDE/plugins/com.st.stm32cube.ide.mcu.externaltools.gnu-tools-for-stm32.14.3.rel1.win32_1.0.100.202602081740/tools/bin/../lib/gcc/arm-none-eabi/14.3.1/../../../../arm-none-eabi/bin/ld.exe: ./Core/Src/main.o: in function `HAL_UARTEx_RxEventCallback':
C:/University/2026-Summer/Project/ARTP/firmware/stm32_firmware/STM32_mainmodule/STM32_mainmodule/Debug/../Core/Src/main.c:108: multiple definition of `HAL_UARTEx_RxEventCallback'; ./Core/Src/UARTCom.o:C:/University/2026-Summer/Project/ARTP/firmware/stm32_firmware/STM32_mainmodule/STM32_mainmodule/Debug/../Core/Src/UARTCom.c:71: first defined here
C:/ST/STM32CubeIDE_2.1.1/STM32CubeIDE/plugins/com.st.stm32cube.ide.mcu.externaltools.gnu-tools-for-stm32.14.3.rel1.win32_1.0.100.202602081740/tools/bin/../lib/gcc/arm-none-eabi/14.3.1/../../../../arm-none-eabi/bin/ld.exe: ./Core/Src/main.o:C:/University/2026-Summer/Project/ARTP/firmware/stm32_firmware/STM32_mainmodule/STM32_mainmodule/Debug/../Core/Src/main.c:136: multiple definition of `isSent'; ./Core/Src/UARTCom.o:C:/University/2026-Summer/Project/ARTP/firmware/stm32_firmware/STM32_mainmodule/STM32_mainmodule/Debug/../Core/Src/UARTCom.c:97: first defined here
C:/ST/STM32CubeIDE_2.1.1/STM32CubeIDE/plugins/com.st.stm32cube.ide.mcu.externaltools.gnu-tools-for-stm32.14.3.rel1.win32_1.0.100.202602081740/tools/bin/../lib/gcc/arm-none-eabi/14.3.1/../../../../arm-none-eabi/bin/ld.exe: ./Core/Src/main.o:C:/University/2026-Summer/Project/ARTP/firmware/stm32_firmware/STM32_mainmodule/STM32_mainmodule/Debug/../Core/Src/main.c:137: multiple definition of `sent_count'; ./Core/Src/UARTCom.o:C:/University/2026-Summer/Project/ARTP/firmware/stm32_firmware/STM32_mainmodule/STM32_mainmodule/Debug/../Core/Src/UARTCom.c:98: first defined here
C:/ST/STM32CubeIDE_2.1.1/STM32CubeIDE/plugins/com.st.stm32cube.ide.mcu.externaltools.gnu-tools-for-stm32.14.3.rel1.win32_1.0.100.202602081740/tools/bin/../lib/gcc/arm-none-eabi/14.3.1/../../../../arm-none-eabi/bin/ld.exe: ./Core/Src/main.o: in function `HAL_UART_TxCpltCallback':
C:/University/2026-Summer/Project/ARTP/firmware/stm32_firmware/STM32_mainmodule/STM32_mainmodule/Debug/../Core/Src/main.c:140: multiple definition of `HAL_UART_TxCpltCallback'; ./Core/Src/UARTCom.o:C:/University/2026-Summer/Project/ARTP/firmware/stm32_firmware/STM32_mainmodule/STM32_mainmodule/Debug/../Core/Src/UARTCom.c:100: first defined here
collect2.exe: error: ld returned 1 exit status
make: *** [makefile:65: STM32_mainmodule.elf] Error 1
"make -j24 all" terminated with exit code 2. Build might be incomplete.
22:31:53 **** Incremental Build of configuration Debug for project STM32_mainmodule ****
make -j24 all 
arm-none-eabi-gcc "../Core/Src/main.c" -mcpu=cortex-m4 -std=gnu11 -g3 -DDEBUG -DUSE_HAL_DRIVER -DSTM32F411xE -c -I../Core/Inc -I"C:/University/2026-Summer/Project/ARTP/firmware/stm32_firmware/STM32_mainmodule/STM32_mainmodule/Drivers/OLED" -I../Drivers/STM32F4xx_HAL_Driver/Inc -I../Drivers/STM32F4xx_HAL_Driver/Inc/Legacy -I../Drivers/CMSIS/Device/ST/STM32F4xx/Include -I../Drivers/CMSIS/Include -O0 -ffunction-sections -fdata-sections -Wall -fstack-usage -fcyclomatic-complexity -MMD -MP -MF"Core/Src/main.d" -MT"Core/Src/main.o" --specs=nano.specs -mfpu=fpv4-sp-d16 -mfloat-abi=hard -mthumb -o "Core/Src/main.o"
../Core/Src/main.c:104:12: warning: 'enable_timer' initialized and declared 'extern'
  104 | extern int enable_timer = 0;
      |            ^~~~~~~~~~~~
../Core/Src/main.c:104:12: error: redefinition of 'enable_timer'
In file included from ../Core/Src/main.c:32:
../Core/Inc/UARTCom.h:35:5: note: previous definition of 'enable_timer' with type 'int'
   35 | int enable_timer = 0;
      |     ^~~~~~~~~~~~
../Core/Src/main.c:105:17: warning: 'timer' initialized and declared 'extern'
  105 | extern uint16_t timer = 0;
      |                 ^~~~~
../Core/Src/main.c:105:17: error: redefinition of 'timer'
../Core/Inc/UARTCom.h:36:10: note: previous definition of 'timer' with type 'uint16_t' {aka 'short unsigned int'}
   36 | uint16_t timer = 0;
      |          ^~~~~
../Core/Src/main.c:95:16: warning: 'rx_val' defined but not used [-Wunused-variable]
   95 | static uint8_t rx_val[MAXLEN];
      |                ^~~~~~
make: *** [Core/Src/subdir.mk:58: Core/Src/main.o] Error 1
"make -j24 all" terminated with exit code 2. Build might be incomplete.
22:32:25 **** Incremental Build of configuration Debug for project STM32_mainmodule ****
make -j24 all 
arm-none-eabi-gcc "../Core/Src/main.c" -mcpu=cortex-m4 -std=gnu11 -g3 -DDEBUG -DUSE_HAL_DRIVER -DSTM32F411xE -c -I../Core/Inc -I"C:/University/2026-Summer/Project/ARTP/firmware/stm32_firmware/STM32_mainmodule/STM32_mainmodule/Drivers/OLED" -I../Drivers/STM32F4xx_HAL_Driver/Inc -I../Drivers/STM32F4xx_HAL_Driver/Inc/Legacy -I../Drivers/CMSIS/Device/ST/STM32F4xx/Include -I../Drivers/CMSIS/Include -O0 -ffunction-sections -fdata-sections -Wall -fstack-usage -fcyclomatic-complexity -MMD -MP -MF"Core/Src/main.d" -MT"Core/Src/main.o" --specs=nano.specs -mfpu=fpv4-sp-d16 -mfloat-abi=hard -mthumb -o "Core/Src/main.o"
arm-none-eabi-gcc -o "STM32_mainmodule.elf" @"objects.list"   -mcpu=cortex-m4 -T"C:\University\2026-Summer\Project\ARTP\firmware\stm32_firmware\STM32_mainmodule\STM32_mainmodule\STM32F411RETX_FLASH.ld" --specs=nosys.specs -Wl,-Map="STM32_mainmodule.map" -Wl,--gc-sections -static --specs=nano.specs -mfpu=fpv4-sp-d16 -mfloat-abi=hard -mthumb -Wl,--start-group -lc -lm -Wl,--end-group
C:/ST/STM32CubeIDE_2.1.1/STM32CubeIDE/plugins/com.st.stm32cube.ide.mcu.externaltools.gnu-tools-for-stm32.14.3.rel1.win32_1.0.100.202602081740/tools/bin/../lib/gcc/arm-none-eabi/14.3.1/../../../../arm-none-eabi/bin/ld.exe: ./Core/Src/main.o:C:/University/2026-Summer/Project/ARTP/firmware/stm32_firmware/STM32_mainmodule/STM32_mainmodule/Debug/../Core/Inc/UARTCom.h:35: multiple definition of `enable_timer'; ./Core/Src/UARTCom.o:C:/University/2026-Summer/Project/ARTP/firmware/stm32_firmware/STM32_mainmodule/STM32_mainmodule/Debug/../Core/Inc/UARTCom.h:35: first defined here
C:/ST/STM32CubeIDE_2.1.1/STM32CubeIDE/plugins/com.st.stm32cube.ide.mcu.externaltools.gnu-tools-for-stm32.14.3.rel1.win32_1.0.100.202602081740/tools/bin/../lib/gcc/arm-none-eabi/14.3.1/../../../../arm-none-eabi/bin/ld.exe: ./Core/Src/main.o:C:/University/2026-Summer/Project/ARTP/firmware/stm32_firmware/STM32_mainmodule/STM32_mainmodule/Debug/../Core/Inc/UARTCom.h:36: multiple definition of `timer'; ./Core/Src/UARTCom.o:C:/University/2026-Summer/Project/ARTP/firmware/stm32_firmware/STM32_mainmodule/STM32_mainmodule/Debug/../Core/Inc/UARTCom.h:36: first defined here
C:/ST/STM32CubeIDE_2.1.1/STM32CubeIDE/plugins/com.st.stm32cube.ide.mcu.externaltools.gnu-tools-for-stm32.14.3.rel1.win32_1.0.100.202602081740/tools/bin/../lib/gcc/arm-none-eabi/14.3.1/../../../../arm-none-eabi/bin/ld.exe: ./Core/Src/main.o:C:/University/2026-Summer/Project/ARTP/firmware/stm32_firmware/STM32_mainmodule/STM32_mainmodule/Debug/../Core/Src/main.c:87: multiple definition of `count'; ./Core/Src/UARTCom.o:C:/University/2026-Summer/Project/ARTP/firmware/stm32_firmware/STM32_mainmodule/STM32_mainmodule/Debug/../Core/Src/UARTCom.c:56: first defined here
C:/ST/STM32CubeIDE_2.1.1/STM32CubeIDE/plugins/com.st.stm32cube.ide.mcu.externaltools.gnu-tools-for-stm32.14.3.rel1.win32_1.0.100.202602081740/tools/bin/../lib/gcc/arm-none-eabi/14.3.1/../../../../arm-none-eabi/bin/ld.exe: ./Core/Src/main.o:C:/University/2026-Summer/Project/ARTP/firmware/stm32_firmware/STM32_mainmodule/STM32_mainmodule/Debug/../Core/Src/main.c:91: multiple definition of `isReceive'; ./Core/Src/UARTCom.o:C:/University/2026-Summer/Project/ARTP/firmware/stm32_firmware/STM32_mainmodule/STM32_mainmodule/Debug/../Core/Src/UARTCom.c:59: first defined here
C:/ST/STM32CubeIDE_2.1.1/STM32CubeIDE/plugins/com.st.stm32cube.ide.mcu.externaltools.gnu-tools-for-stm32.14.3.rel1.win32_1.0.100.202602081740/tools/bin/../lib/gcc/arm-none-eabi/14.3.1/../../../../arm-none-eabi/bin/ld.exe: ./Core/Src/main.o:C:/University/2026-Summer/Project/ARTP/firmware/stm32_firmware/STM32_mainmodule/STM32_mainmodule/Debug/../Core/Src/main.c:92: multiple definition of `receive_count'; ./Core/Src/UARTCom.o:C:/University/2026-Summer/Project/ARTP/firmware/stm32_firmware/STM32_mainmodule/STM32_mainmodule/Debug/../Core/Src/UARTCom.c:60: first defined here
C:/ST/STM32CubeIDE_2.1.1/STM32CubeIDE/plugins/com.st.stm32cube.ide.mcu.externaltools.gnu-tools-for-stm32.14.3.rel1.win32_1.0.100.202602081740/tools/bin/../lib/gcc/arm-none-eabi/14.3.1/../../../../arm-none-eabi/bin/ld.exe: ./Core/Src/main.o:C:/University/2026-Summer/Project/ARTP/firmware/stm32_firmware/STM32_mainmodule/STM32_mainmodule/Debug/../Core/Src/main.c:95: multiple definition of `rx_val'; ./Core/Src/UARTCom.o:C:/University/2026-Summer/Project/ARTP/firmware/stm32_firmware/STM32_mainmodule/STM32_mainmodule/Debug/../Core/Src/UARTCom.c:61: first defined here
C:/ST/STM32CubeIDE_2.1.1/STM32CubeIDE/plugins/com.st.stm32cube.ide.mcu.externaltools.gnu-tools-for-stm32.14.3.rel1.win32_1.0.100.202602081740/tools/bin/../lib/gcc/arm-none-eabi/14.3.1/../../../../arm-none-eabi/bin/ld.exe: ./Core/Src/main.o:C:/University/2026-Summer/Project/ARTP/firmware/stm32_firmware/STM32_mainmodule/STM32_mainmodule/Debug/../Core/Src/main.c:96: multiple definition of `rx_temp'; ./Core/Src/UARTCom.o:C:/University/2026-Summer/Project/ARTP/firmware/stm32_firmware/STM32_mainmodule/STM32_mainmodule/Debug/../Core/Src/UARTCom.c:62: first defined here
C:/ST/STM32CubeIDE_2.1.1/STM32CubeIDE/plugins/com.st.stm32cube.ide.mcu.externaltools.gnu-tools-for-stm32.14.3.rel1.win32_1.0.100.202602081740/tools/bin/../lib/gcc/arm-none-eabi/14.3.1/../../../../arm-none-eabi/bin/ld.exe: ./Core/Src/main.o:C:/University/2026-Summer/Project/ARTP/firmware/stm32_firmware/STM32_mainmodule/STM32_mainmodule/Debug/../Core/Src/main.c:101: multiple definition of `temp_index'; ./Core/Src/UARTCom.o:C:/University/2026-Summer/Project/ARTP/firmware/stm32_firmware/STM32_mainmodule/STM32_mainmodule/Debug/../Core/Src/UARTCom.c:66: first defined here
C:/ST/STM32CubeIDE_2.1.1/STM32CubeIDE/plugins/com.st.stm32cube.ide.mcu.externaltools.gnu-tools-for-stm32.14.3.rel1.win32_1.0.100.202602081740/tools/bin/../lib/gcc/arm-none-eabi/14.3.1/../../../../arm-none-eabi/bin/ld.exe: ./Core/Src/main.o:C:/University/2026-Summer/Project/ARTP/firmware/stm32_firmware/STM32_mainmodule/STM32_mainmodule/Debug/../Core/Src/main.c:102: multiple definition of `rx_index'; ./Core/Src/UARTCom.o:C:/University/2026-Summer/Project/ARTP/firmware/stm32_firmware/STM32_mainmodule/STM32_mainmodule/Debug/../Core/Src/UARTCom.c:67: first defined here
collect2.exe: error: ld returned 1 exit status
make: *** [makefile:65: STM32_mainmodule.elf] Error 1
"make -j24 all" terminated with exit code 2. Build might be incomplete.
22:35:14 **** Incremental Build of configuration Debug for project STM32_mainmodule ****
make -j24 all 
arm-none-eabi-gcc "../Core/Src/UARTCom.c" -mcpu=cortex-m4 -std=gnu11 -g3 -DDEBUG -DUSE_HAL_DRIVER -DSTM32F411xE -c -I../Core/Inc -I"C:/University/2026-Summer/Project/ARTP/firmware/stm32_firmware/STM32_mainmodule/STM32_mainmodule/Drivers/OLED" -I../Drivers/STM32F4xx_HAL_Driver/Inc -I../Drivers/STM32F4xx_HAL_Driver/Inc/Legacy -I../Drivers/CMSIS/Device/ST/STM32F4xx/Include -I../Drivers/CMSIS/Include -O0 -ffunction-sections -fdata-sections -Wall -fstack-usage -fcyclomatic-complexity -MMD -MP -MF"Core/Src/UARTCom.d" -MT"Core/Src/UARTCom.o" --specs=nano.specs -mfpu=fpv4-sp-d16 -mfloat-abi=hard -mthumb -o "Core/Src/UARTCom.o"
arm-none-eabi-gcc "../Core/Src/main.c" -mcpu=cortex-m4 -std=gnu11 -g3 -DDEBUG -DUSE_HAL_DRIVER -DSTM32F411xE -c -I../Core/Inc -I"C:/University/2026-Summer/Project/ARTP/firmware/stm32_firmware/STM32_mainmodule/STM32_mainmodule/Drivers/OLED" -I../Drivers/STM32F4xx_HAL_Driver/Inc -I../Drivers/STM32F4xx_HAL_Driver/Inc/Legacy -I../Drivers/CMSIS/Device/ST/STM32F4xx/Include -I../Drivers/CMSIS/Include -O0 -ffunction-sections -fdata-sections -Wall -fstack-usage -fcyclomatic-complexity -MMD -MP -MF"Core/Src/main.d" -MT"Core/Src/main.o" --specs=nano.specs -mfpu=fpv4-sp-d16 -mfloat-abi=hard -mthumb -o "Core/Src/main.o"
arm-none-eabi-gcc -o "STM32_mainmodule.elf" @"objects.list"   -mcpu=cortex-m4 -T"C:\University\2026-Summer\Project\ARTP\firmware\stm32_firmware\STM32_mainmodule\STM32_mainmodule\STM32F411RETX_FLASH.ld" --specs=nosys.specs -Wl,-Map="STM32_mainmodule.map" -Wl,--gc-sections -static --specs=nano.specs -mfpu=fpv4-sp-d16 -mfloat-abi=hard -mthumb -Wl,--start-group -lc -lm -Wl,--end-group
C:/ST/STM32CubeIDE_2.1.1/STM32CubeIDE/plugins/com.st.stm32cube.ide.mcu.externaltools.gnu-tools-for-stm32.14.3.rel1.win32_1.0.100.202602081740/tools/bin/../lib/gcc/arm-none-eabi/14.3.1/../../../../arm-none-eabi/bin/ld.exe: ./Core/Src/main.o:C:/University/2026-Summer/Project/ARTP/firmware/stm32_firmware/STM32_mainmodule/STM32_mainmodule/Debug/../Core/Inc/UARTCom.h:35: multiple definition of `enable_timer'; ./Core/Src/UARTCom.o:C:/University/2026-Summer/Project/ARTP/firmware/stm32_firmware/STM32_mainmodule/STM32_mainmodule/Debug/../Core/Inc/UARTCom.h:35: first defined here
C:/ST/STM32CubeIDE_2.1.1/STM32CubeIDE/plugins/com.st.stm32cube.ide.mcu.externaltools.gnu-tools-for-stm32.14.3.rel1.win32_1.0.100.202602081740/tools/bin/../lib/gcc/arm-none-eabi/14.3.1/../../../../arm-none-eabi/bin/ld.exe: ./Core/Src/main.o:C:/University/2026-Summer/Project/ARTP/firmware/stm32_firmware/STM32_mainmodule/STM32_mainmodule/Debug/../Core/Inc/UARTCom.h:36: multiple definition of `timer'; ./Core/Src/UARTCom.o:C:/University/2026-Summer/Project/ARTP/firmware/stm32_firmware/STM32_mainmodule/STM32_mainmodule/Debug/../Core/Inc/UARTCom.h:36: first defined here
C:/ST/STM32CubeIDE_2.1.1/STM32CubeIDE/plugins/com.st.stm32cube.ide.mcu.externaltools.gnu-tools-for-stm32.14.3.rel1.win32_1.0.100.202602081740/tools/bin/../lib/gcc/arm-none-eabi/14.3.1/../../../../arm-none-eabi/bin/ld.exe: ./Core/Src/main.o:C:/University/2026-Summer/Project/ARTP/firmware/stm32_firmware/STM32_mainmodule/STM32_mainmodule/Debug/../Core/Src/main.c:87: multiple definition of `count'; ./Core/Src/UARTCom.o:C:/University/2026-Summer/Project/ARTP/firmware/stm32_firmware/STM32_mainmodule/STM32_mainmodule/Debug/../Core/Src/UARTCom.c:56: first defined here
C:/ST/STM32CubeIDE_2.1.1/STM32CubeIDE/plugins/com.st.stm32cube.ide.mcu.externaltools.gnu-tools-for-stm32.14.3.rel1.win32_1.0.100.202602081740/tools/bin/../lib/gcc/arm-none-eabi/14.3.1/../../../../arm-none-eabi/bin/ld.exe: ./Core/Src/main.o:C:/University/2026-Summer/Project/ARTP/firmware/stm32_firmware/STM32_mainmodule/STM32_mainmodule/Debug/../Core/Src/main.c:91: multiple definition of `isReceive'; ./Core/Src/UARTCom.o:C:/University/2026-Summer/Project/ARTP/firmware/stm32_firmware/STM32_mainmodule/STM32_mainmodule/Debug/../Core/Src/UARTCom.c:59: first defined here
C:/ST/STM32CubeIDE_2.1.1/STM32CubeIDE/plugins/com.st.stm32cube.ide.mcu.externaltools.gnu-tools-for-stm32.14.3.rel1.win32_1.0.100.202602081740/tools/bin/../lib/gcc/arm-none-eabi/14.3.1/../../../../arm-none-eabi/bin/ld.exe: ./Core/Src/main.o:C:/University/2026-Summer/Project/ARTP/firmware/stm32_firmware/STM32_mainmodule/STM32_mainmodule/Debug/../Core/Src/main.c:92: multiple definition of `receive_count'; ./Core/Src/UARTCom.o:C:/University/2026-Summer/Project/ARTP/firmware/stm32_firmware/STM32_mainmodule/STM32_mainmodule/Debug/../Core/Src/UARTCom.c:60: first defined here
C:/ST/STM32CubeIDE_2.1.1/STM32CubeIDE/plugins/com.st.stm32cube.ide.mcu.externaltools.gnu-tools-for-stm32.14.3.rel1.win32_1.0.100.202602081740/tools/bin/../lib/gcc/arm-none-eabi/14.3.1/../../../../arm-none-eabi/bin/ld.exe: ./Core/Src/main.o:C:/University/2026-Summer/Project/ARTP/firmware/stm32_firmware/STM32_mainmodule/STM32_mainmodule/Debug/../Core/Src/main.c:95: multiple definition of `rx_val'; ./Core/Src/UARTCom.o:C:/University/2026-Summer/Project/ARTP/firmware/stm32_firmware/STM32_mainmodule/STM32_mainmodule/Debug/../Core/Src/UARTCom.c:61: first defined here
C:/ST/STM32CubeIDE_2.1.1/STM32CubeIDE/plugins/com.st.stm32cube.ide.mcu.externaltools.gnu-tools-for-stm32.14.3.rel1.win32_1.0.100.202602081740/tools/bin/../lib/gcc/arm-none-eabi/14.3.1/../../../../arm-none-eabi/bin/ld.exe: ./Core/Src/main.o:C:/University/2026-Summer/Project/ARTP/firmware/stm32_firmware/STM32_mainmodule/STM32_mainmodule/Debug/../Core/Src/main.c:96: multiple definition of `rx_temp'; ./Core/Src/UARTCom.o:C:/University/2026-Summer/Project/ARTP/firmware/stm32_firmware/STM32_mainmodule/STM32_mainmodule/Debug/../Core/Src/UARTCom.c:62: first defined here
C:/ST/STM32CubeIDE_2.1.1/STM32CubeIDE/plugins/com.st.stm32cube.ide.mcu.externaltools.gnu-tools-for-stm32.14.3.rel1.win32_1.0.100.202602081740/tools/bin/../lib/gcc/arm-none-eabi/14.3.1/../../../../arm-none-eabi/bin/ld.exe: ./Core/Src/main.o:C:/University/2026-Summer/Project/ARTP/firmware/stm32_firmware/STM32_mainmodule/STM32_mainmodule/Debug/../Core/Src/main.c:101: multiple definition of `temp_index'; ./Core/Src/UARTCom.o:C:/University/2026-Summer/Project/ARTP/firmware/stm32_firmware/STM32_mainmodule/STM32_mainmodule/Debug/../Core/Src/UARTCom.c:66: first defined here
C:/ST/STM32CubeIDE_2.1.1/STM32CubeIDE/plugins/com.st.stm32cube.ide.mcu.externaltools.gnu-tools-for-stm32.14.3.rel1.win32_1.0.100.202602081740/tools/bin/../lib/gcc/arm-none-eabi/14.3.1/../../../../arm-none-eabi/bin/ld.exe: ./Core/Src/main.o:C:/University/2026-Summer/Project/ARTP/firmware/stm32_firmware/STM32_mainmodule/STM32_mainmodule/Debug/../Core/Src/main.c:102: multiple definition of `rx_index'; ./Core/Src/UARTCom.o:C:/University/2026-Summer/Project/ARTP/firmware/stm32_firmware/STM32_mainmodule/STM32_mainmodule/Debug/../Core/Src/UARTCom.c:67: first defined here
collect2.exe: error: ld returned 1 exit status
make: *** [makefile:65: STM32_mainmodule.elf] Error 1
"make -j24 all" terminated with exit code 2. Build might be incomplete.
22:37:51 **** Incremental Build of configuration Debug for project STM32_mainmodule ****
make -j24 all 
arm-none-eabi-gcc "../Core/Src/main.c" -mcpu=cortex-m4 -std=gnu11 -g3 -DDEBUG -DUSE_HAL_DRIVER -DSTM32F411xE -c -I../Core/Inc -I"C:/University/2026-Summer/Project/ARTP/firmware/stm32_firmware/STM32_mainmodule/STM32_mainmodule/Drivers/OLED" -I../Drivers/STM32F4xx_HAL_Driver/Inc -I../Drivers/STM32F4xx_HAL_Driver/Inc/Legacy -I../Drivers/CMSIS/Device/ST/STM32F4xx/Include -I../Drivers/CMSIS/Include -O0 -ffunction-sections -fdata-sections -Wall -fstack-usage -fcyclomatic-complexity -MMD -MP -MF"Core/Src/main.d" -MT"Core/Src/main.o" --specs=nano.specs -mfpu=fpv4-sp-d16 -mfloat-abi=hard -mthumb -o "Core/Src/main.o"
../Core/Src/main.c: In function 'main':
../Core/Src/main.c:152:5: error: 'count' undeclared (first use in this function)
  152 |     count++;
      |     ^~~~~
../Core/Src/main.c:152:5: note: each undeclared identifier is reported only once for each function it appears in
make: *** [Core/Src/subdir.mk:58: Core/Src/main.o] Error 1
"make -j24 all" terminated with exit code 2. Build might be incomplete.
22:39:28 **** Incremental Build of configuration Debug for project STM32_mainmodule ****
make -j24 all 
arm-none-eabi-gcc "../Core/Src/UARTCom.c" -mcpu=cortex-m4 -std=gnu11 -g3 -DDEBUG -DUSE_HAL_DRIVER -DSTM32F411xE -c -I../Core/Inc -I"C:/University/2026-Summer/Project/ARTP/firmware/stm32_firmware/STM32_mainmodule/STM32_mainmodule/Drivers/OLED" -I../Drivers/STM32F4xx_HAL_Driver/Inc -I../Drivers/STM32F4xx_HAL_Driver/Inc/Legacy -I../Drivers/CMSIS/Device/ST/STM32F4xx/Include -I../Drivers/CMSIS/Include -O0 -ffunction-sections -fdata-sections -Wall -fstack-usage -fcyclomatic-complexity -MMD -MP -MF"Core/Src/UARTCom.d" -MT"Core/Src/UARTCom.o" --specs=nano.specs -mfpu=fpv4-sp-d16 -mfloat-abi=hard -mthumb -o "Core/Src/UARTCom.o"
arm-none-eabi-gcc "../Core/Src/main.c" -mcpu=cortex-m4 -std=gnu11 -g3 -DDEBUG -DUSE_HAL_DRIVER -DSTM32F411xE -c -I../Core/Inc -I"C:/University/2026-Summer/Project/ARTP/firmware/stm32_firmware/STM32_mainmodule/STM32_mainmodule/Drivers/OLED" -I../Drivers/STM32F4xx_HAL_Driver/Inc -I../Drivers/STM32F4xx_HAL_Driver/Inc/Legacy -I../Drivers/CMSIS/Device/ST/STM32F4xx/Include -I../Drivers/CMSIS/Include -O0 -ffunction-sections -fdata-sections -Wall -fstack-usage -fcyclomatic-complexity -MMD -MP -MF"Core/Src/main.d" -MT"Core/Src/main.o" --specs=nano.specs -mfpu=fpv4-sp-d16 -mfloat-abi=hard -mthumb -o "Core/Src/main.o"
arm-none-eabi-gcc -o "STM32_mainmodule.elf" @"objects.list"   -mcpu=cortex-m4 -T"C:\University\2026-Summer\Project\ARTP\firmware\stm32_firmware\STM32_mainmodule\STM32_mainmodule\STM32F411RETX_FLASH.ld" --specs=nosys.specs -Wl,-Map="STM32_mainmodule.map" -Wl,--gc-sections -static --specs=nano.specs -mfpu=fpv4-sp-d16 -mfloat-abi=hard -mthumb -Wl,--start-group -lc -lm -Wl,--end-group
C:/ST/STM32CubeIDE_2.1.1/STM32CubeIDE/plugins/com.st.stm32cube.ide.mcu.externaltools.gnu-tools-for-stm32.14.3.rel1.win32_1.0.100.202602081740/tools/bin/../lib/gcc/arm-none-eabi/14.3.1/../../../../arm-none-eabi/bin/ld.exe: ./Core/Src/main.o:C:/University/2026-Summer/Project/ARTP/firmware/stm32_firmware/STM32_mainmodule/STM32_mainmodule/Debug/../Core/Inc/UARTCom.h:35: multiple definition of `enable_timer'; ./Core/Src/UARTCom.o:C:/University/2026-Summer/Project/ARTP/firmware/stm32_firmware/STM32_mainmodule/STM32_mainmodule/Debug/../Core/Inc/UARTCom.h:35: first defined here
C:/ST/STM32CubeIDE_2.1.1/STM32CubeIDE/plugins/com.st.stm32cube.ide.mcu.externaltools.gnu-tools-for-stm32.14.3.rel1.win32_1.0.100.202602081740/tools/bin/../lib/gcc/arm-none-eabi/14.3.1/../../../../arm-none-eabi/bin/ld.exe: ./Core/Src/main.o:C:/University/2026-Summer/Project/ARTP/firmware/stm32_firmware/STM32_mainmodule/STM32_mainmodule/Debug/../Core/Inc/UARTCom.h:36: multiple definition of `timer'; ./Core/Src/UARTCom.o:C:/University/2026-Summer/Project/ARTP/firmware/stm32_firmware/STM32_mainmodule/STM32_mainmodule/Debug/../Core/Inc/UARTCom.h:36: first defined here
collect2.exe: error: ld returned 1 exit status
make: *** [makefile:65: STM32_mainmodule.elf] Error 1
"make -j24 all" terminated with exit code 2. Build might be incomplete.
22:41:49 **** Incremental Build of configuration Debug for project STM32_mainmodule ****
make -j24 all 
arm-none-eabi-gcc "../Core/Src/UARTCom.c" -mcpu=cortex-m4 -std=gnu11 -g3 -DDEBUG -DUSE_HAL_DRIVER -DSTM32F411xE -c -I../Core/Inc -I"C:/University/2026-Summer/Project/ARTP/firmware/stm32_firmware/STM32_mainmodule/STM32_mainmodule/Drivers/OLED" -I../Drivers/STM32F4xx_HAL_Driver/Inc -I../Drivers/STM32F4xx_HAL_Driver/Inc/Legacy -I../Drivers/CMSIS/Device/ST/STM32F4xx/Include -I../Drivers/CMSIS/Include -O0 -ffunction-sections -fdata-sections -Wall -fstack-usage -fcyclomatic-complexity -MMD -MP -MF"Core/Src/UARTCom.d" -MT"Core/Src/UARTCom.o" --specs=nano.specs -mfpu=fpv4-sp-d16 -mfloat-abi=hard -mthumb -o "Core/Src/UARTCom.o"
arm-none-eabi-gcc "../Core/Src/main.c" -mcpu=cortex-m4 -std=gnu11 -g3 -DDEBUG -DUSE_HAL_DRIVER -DSTM32F411xE -c -I../Core/Inc -I"C:/University/2026-Summer/Project/ARTP/firmware/stm32_firmware/STM32_mainmodule/STM32_mainmodule/Drivers/OLED" -I../Drivers/STM32F4xx_HAL_Driver/Inc -I../Drivers/STM32F4xx_HAL_Driver/Inc/Legacy -I../Drivers/CMSIS/Device/ST/STM32F4xx/Include -I../Drivers/CMSIS/Include -O0 -ffunction-sections -fdata-sections -Wall -fstack-usage -fcyclomatic-complexity -MMD -MP -MF"Core/Src/main.d" -MT"Core/Src/main.o" --specs=nano.specs -mfpu=fpv4-sp-d16 -mfloat-abi=hard -mthumb -o "Core/Src/main.o"
arm-none-eabi-gcc -o "STM32_mainmodule.elf" @"objects.list"   -mcpu=cortex-m4 -T"C:\University\2026-Summer\Project\ARTP\firmware\stm32_firmware\STM32_mainmodule\STM32_mainmodule\STM32F411RETX_FLASH.ld" --specs=nosys.specs -Wl,-Map="STM32_mainmodule.map" -Wl,--gc-sections -static --specs=nano.specs -mfpu=fpv4-sp-d16 -mfloat-abi=hard -mthumb -Wl,--start-group -lc -lm -Wl,--end-group
Finished building target: STM32_mainmodule.elf
 
arm-none-eabi-size  STM32_mainmodule.elf 
arm-none-eabi-objdump -h -S STM32_mainmodule.elf  > "STM32_mainmodule.list"
   text	   data	    bss	    dec	    hex	filename
  29848	    108	   7652	  37608	   92e8	STM32_mainmodule.elf
Finished building: default.size.stdout
 
Finished building: STM32_mainmodule.list
 
22:48:59 **** Incremental Build of configuration Debug for project STM32_mainmodule ****
make -j24 all 
arm-none-eabi-gcc "../Core/Src/UARTCom.c" -mcpu=cortex-m4 -std=gnu11 -g3 -DDEBUG -DUSE_HAL_DRIVER -DSTM32F411xE -c -I../Core/Inc -I"C:/University/2026-Summer/Project/ARTP/firmware/stm32_firmware/STM32_mainmodule/STM32_mainmodule/Drivers/OLED" -I../Drivers/STM32F4xx_HAL_Driver/Inc -I../Drivers/STM32F4xx_HAL_Driver/Inc/Legacy -I../Drivers/CMSIS/Device/ST/STM32F4xx/Include -I../Drivers/CMSIS/Include -O0 -ffunction-sections -fdata-sections -Wall -fstack-usage -fcyclomatic-complexity -MMD -MP -MF"Core/Src/UARTCom.d" -MT"Core/Src/UARTCom.o" --specs=nano.specs -mfpu=fpv4-sp-d16 -mfloat-abi=hard -mthumb -o "Core/Src/UARTCom.o"
arm-none-eabi-gcc "../Core/Src/main.c" -mcpu=cortex-m4 -std=gnu11 -g3 -DDEBUG -DUSE_HAL_DRIVER -DSTM32F411xE -c -I../Core/Inc -I"C:/University/2026-Summer/Project/ARTP/firmware/stm32_firmware/STM32_mainmodule/STM32_mainmodule/Drivers/OLED" -I../Drivers/STM32F4xx_HAL_Driver/Inc -I../Drivers/STM32F4xx_HAL_Driver/Inc/Legacy -I../Drivers/CMSIS/Device/ST/STM32F4xx/Include -I../Drivers/CMSIS/Include -O0 -ffunction-sections -fdata-sections -Wall -fstack-usage -fcyclomatic-complexity -MMD -MP -MF"Core/Src/main.d" -MT"Core/Src/main.o" --specs=nano.specs -mfpu=fpv4-sp-d16 -mfloat-abi=hard -mthumb -o "Core/Src/main.o"
arm-none-eabi-gcc -o "STM32_mainmodule.elf" @"objects.list"   -mcpu=cortex-m4 -T"C:\University\2026-Summer\Project\ARTP\firmware\stm32_firmware\STM32_mainmodule\STM32_mainmodule\STM32F411RETX_FLASH.ld" --specs=nosys.specs -Wl,-Map="STM32_mainmodule.map" -Wl,--gc-sections -static --specs=nano.specs -mfpu=fpv4-sp-d16 -mfloat-abi=hard -mthumb -Wl,--start-group -lc -lm -Wl,--end-group
Finished building target: STM32_mainmodule.elf
 
arm-none-eabi-size  STM32_mainmodule.elf 
arm-none-eabi-objdump -h -S STM32_mainmodule.elf  > "STM32_mainmodule.list"
   text	   data	    bss	    dec	    hex	filename
  29860	    108	   7652	  37620	   92f4	STM32_mainmodule.elf
Finished building: default.size.stdout
 
Finished building: STM32_mainmodule.list
 
22:56:15 **** Incremental Build of configuration Debug for project STM32_mainmodule ****
make -j24 all 
arm-none-eabi-gcc "../Core/Src/main.c" -mcpu=cortex-m4 -std=gnu11 -g3 -DDEBUG -DUSE_HAL_DRIVER -DSTM32F411xE -c -I../Core/Inc -I"C:/University/2026-Summer/Project/ARTP/firmware/stm32_firmware/STM32_mainmodule/STM32_mainmodule/Drivers/OLED" -I../Drivers/STM32F4xx_HAL_Driver/Inc -I../Drivers/STM32F4xx_HAL_Driver/Inc/Legacy -I../Drivers/CMSIS/Device/ST/STM32F4xx/Include -I../Drivers/CMSIS/Include -O0 -ffunction-sections -fdata-sections -Wall -fstack-usage -fcyclomatic-complexity -MMD -MP -MF"Core/Src/main.d" -MT"Core/Src/main.o" --specs=nano.specs -mfpu=fpv4-sp-d16 -mfloat-abi=hard -mthumb -o "Core/Src/main.o"
arm-none-eabi-gcc -o "STM32_mainmodule.elf" @"objects.list"   -mcpu=cortex-m4 -T"C:\University\2026-Summer\Project\ARTP\firmware\stm32_firmware\STM32_mainmodule\STM32_mainmodule\STM32F411RETX_FLASH.ld" --specs=nosys.specs -Wl,-Map="STM32_mainmodule.map" -Wl,--gc-sections -static --specs=nano.specs -mfpu=fpv4-sp-d16 -mfloat-abi=hard -mthumb -Wl,--start-group -lc -lm -Wl,--end-group
Finished building target: STM32_mainmodule.elf
 
arm-none-eabi-size  STM32_mainmodule.elf 
arm-none-eabi-objdump -h -S STM32_mainmodule.elf  > "STM32_mainmodule.list"
   text	   data	    bss	    dec	    hex	filename
  29192	    108	   7652	  36952	   9058	STM32_mainmodule.elf
Finished building: default.size.stdout
 
Finished building: STM32_mainmodule.list
 
22:59:27 **** Incremental Build of configuration Debug for project STM32_mainmodule ****
make -j24 all 
arm-none-eabi-gcc "../Core/Src/UARTCom.c" -mcpu=cortex-m4 -std=gnu11 -g3 -DDEBUG -DUSE_HAL_DRIVER -DSTM32F411xE -c -I../Core/Inc -I"C:/University/2026-Summer/Project/ARTP/firmware/stm32_firmware/STM32_mainmodule/STM32_mainmodule/Drivers/OLED" -I../Drivers/STM32F4xx_HAL_Driver/Inc -I../Drivers/STM32F4xx_HAL_Driver/Inc/Legacy -I../Drivers/CMSIS/Device/ST/STM32F4xx/Include -I../Drivers/CMSIS/Include -O0 -ffunction-sections -fdata-sections -Wall -fstack-usage -fcyclomatic-complexity -MMD -MP -MF"Core/Src/UARTCom.d" -MT"Core/Src/UARTCom.o" --specs=nano.specs -mfpu=fpv4-sp-d16 -mfloat-abi=hard -mthumb -o "Core/Src/UARTCom.o"
arm-none-eabi-gcc "../Core/Src/main.c" -mcpu=cortex-m4 -std=gnu11 -g3 -DDEBUG -DUSE_HAL_DRIVER -DSTM32F411xE -c -I../Core/Inc -I"C:/University/2026-Summer/Project/ARTP/firmware/stm32_firmware/STM32_mainmodule/STM32_mainmodule/Drivers/OLED" -I../Drivers/STM32F4xx_HAL_Driver/Inc -I../Drivers/STM32F4xx_HAL_Driver/Inc/Legacy -I../Drivers/CMSIS/Device/ST/STM32F4xx/Include -I../Drivers/CMSIS/Include -O0 -ffunction-sections -fdata-sections -Wall -fstack-usage -fcyclomatic-complexity -MMD -MP -MF"Core/Src/main.d" -MT"Core/Src/main.o" --specs=nano.specs -mfpu=fpv4-sp-d16 -mfloat-abi=hard -mthumb -o "Core/Src/main.o"
arm-none-eabi-gcc -o "STM32_mainmodule.elf" @"objects.list"   -mcpu=cortex-m4 -T"C:\University\2026-Summer\Project\ARTP\firmware\stm32_firmware\STM32_mainmodule\STM32_mainmodule\STM32F411RETX_FLASH.ld" --specs=nosys.specs -Wl,-Map="STM32_mainmodule.map" -Wl,--gc-sections -static --specs=nano.specs -mfpu=fpv4-sp-d16 -mfloat-abi=hard -mthumb -Wl,--start-group -lc -lm -Wl,--end-group
Finished building target: STM32_mainmodule.elf
 
arm-none-eabi-size  STM32_mainmodule.elf 
arm-none-eabi-objdump -h -S STM32_mainmodule.elf  > "STM32_mainmodule.list"
   text	   data	    bss	    dec	    hex	filename
  29592	    108	   7652	  37352	   91e8	STM32_mainmodule.elf
Finished building: default.size.stdout
 
Finished building: STM32_mainmodule.list
 
22:07:42 **** Incremental Build of configuration Debug for project STM32_mainmodule ****
make -j24 all 
arm-none-eabi-gcc "../Core/Src/UARTCom.c" -mcpu=cortex-m4 -std=gnu11 -g3 -DDEBUG -DUSE_HAL_DRIVER -DSTM32F411xE -c -I../Core/Inc -I"C:/University/2026-Summer/Project/ARTP/firmware/stm32_firmware/STM32_mainmodule/STM32_mainmodule/Drivers/OLED" -I../Drivers/STM32F4xx_HAL_Driver/Inc -I../Drivers/STM32F4xx_HAL_Driver/Inc/Legacy -I../Drivers/CMSIS/Device/ST/STM32F4xx/Include -I../Drivers/CMSIS/Include -O0 -ffunction-sections -fdata-sections -Wall -fstack-usage -fcyclomatic-complexity -MMD -MP -MF"Core/Src/UARTCom.d" -MT"Core/Src/UARTCom.o" --specs=nano.specs -mfpu=fpv4-sp-d16 -mfloat-abi=hard -mthumb -o "Core/Src/UARTCom.o"
arm-none-eabi-gcc "../Core/Src/main.c" -mcpu=cortex-m4 -std=gnu11 -g3 -DDEBUG -DUSE_HAL_DRIVER -DSTM32F411xE -c -I../Core/Inc -I"C:/University/2026-Summer/Project/ARTP/firmware/stm32_firmware/STM32_mainmodule/STM32_mainmodule/Drivers/OLED" -I../Drivers/STM32F4xx_HAL_Driver/Inc -I../Drivers/STM32F4xx_HAL_Driver/Inc/Legacy -I../Drivers/CMSIS/Device/ST/STM32F4xx/Include -I../Drivers/CMSIS/Include -O0 -ffunction-sections -fdata-sections -Wall -fstack-usage -fcyclomatic-complexity -MMD -MP -MF"Core/Src/main.d" -MT"Core/Src/main.o" --specs=nano.specs -mfpu=fpv4-sp-d16 -mfloat-abi=hard -mthumb -o "Core/Src/main.o"
../Core/Src/UARTCom.c: In function 'UARTCom_tx':
../Core/Src/UARTCom.c:141:57: error: passing argument 2 of 'HAL_UART_Transmit_DMA' makes pointer from integer without a cast [-Wint-conversion]
  141 |                 status = HAL_UART_Transmit_DMA(&huart2, *tx_val, MAXLEN);
      |                                                         ^~~~~~~
      |                                                         |
      |                                                         uint8_t {aka unsigned char}
In file included from ../Core/Inc/stm32f4xx_hal_conf.h:411,
                 from ../Drivers/STM32F4xx_HAL_Driver/Inc/stm32f4xx_hal.h:29,
                 from ../Core/Inc/UARTCom.h:30,
                 from ../Core/Src/UARTCom.c:23:
../Drivers/STM32F4xx_HAL_Driver/Inc/stm32f4xx_hal_uart.h:749:83: note: expected 'const uint8_t *' {aka 'const unsigned char *'} but argument is of type 'uint8_t' {aka 'unsigned char'}
  749 | HAL_StatusTypeDef HAL_UART_Transmit_DMA(UART_HandleTypeDef *huart, const uint8_t *pData, uint16_t Size);
      |                                                                    ~~~~~~~~~~~~~~~^~~~~
make: *** [Core/Src/subdir.mk:58: Core/Src/UARTCom.o] Error 1
make: *** Waiting for unfinished jobs....
"make -j24 all" terminated with exit code 2. Build might be incomplete.
22:08:19 **** Incremental Build of configuration Debug for project STM32_mainmodule ****
make -j24 all 
arm-none-eabi-gcc "../Core/Src/UARTCom.c" -mcpu=cortex-m4 -std=gnu11 -g3 -DDEBUG -DUSE_HAL_DRIVER -DSTM32F411xE -c -I../Core/Inc -I"C:/University/2026-Summer/Project/ARTP/firmware/stm32_firmware/STM32_mainmodule/STM32_mainmodule/Drivers/OLED" -I../Drivers/STM32F4xx_HAL_Driver/Inc -I../Drivers/STM32F4xx_HAL_Driver/Inc/Legacy -I../Drivers/CMSIS/Device/ST/STM32F4xx/Include -I../Drivers/CMSIS/Include -O0 -ffunction-sections -fdata-sections -Wall -fstack-usage -fcyclomatic-complexity -MMD -MP -MF"Core/Src/UARTCom.d" -MT"Core/Src/UARTCom.o" --specs=nano.specs -mfpu=fpv4-sp-d16 -mfloat-abi=hard -mthumb -o "Core/Src/UARTCom.o"
arm-none-eabi-gcc -o "STM32_mainmodule.elf" @"objects.list"   -mcpu=cortex-m4 -T"C:\University\2026-Summer\Project\ARTP\firmware\stm32_firmware\STM32_mainmodule\STM32_mainmodule\STM32F411RETX_FLASH.ld" --specs=nosys.specs -Wl,-Map="STM32_mainmodule.map" -Wl,--gc-sections -static --specs=nano.specs -mfpu=fpv4-sp-d16 -mfloat-abi=hard -mthumb -Wl,--start-group -lc -lm -Wl,--end-group
Finished building target: STM32_mainmodule.elf
 
arm-none-eabi-size  STM32_mainmodule.elf 
arm-none-eabi-objdump -h -S STM32_mainmodule.elf  > "STM32_mainmodule.list"
   text	   data	    bss	    dec	    hex	filename
  29468	    108	   7652	  37228	   916c	STM32_mainmodule.elf
Finished building: default.size.stdout
 
Finished building: STM32_mainmodule.list
 
22:12:10 **** Incremental Build of configuration Debug for project STM32_mainmodule ****
make -j24 all 
arm-none-eabi-size  STM32_mainmodule.elf 
   text	   data	    bss	    dec	    hex	filename
  29468	    108	   7652	  37228	   916c	STM32_mainmodule.elf
Finished building: default.size.stdout
 
22:13:23 **** Incremental Build of configuration Debug for project STM32_mainmodule ****
make -j24 all 
arm-none-eabi-gcc "../Core/Src/UARTCom.c" -mcpu=cortex-m4 -std=gnu11 -g3 -DDEBUG -DUSE_HAL_DRIVER -DSTM32F411xE -c -I../Core/Inc -I"C:/University/2026-Summer/Project/ARTP/firmware/stm32_firmware/STM32_mainmodule/STM32_mainmodule/Drivers/OLED" -I../Drivers/STM32F4xx_HAL_Driver/Inc -I../Drivers/STM32F4xx_HAL_Driver/Inc/Legacy -I../Drivers/CMSIS/Device/ST/STM32F4xx/Include -I../Drivers/CMSIS/Include -O0 -ffunction-sections -fdata-sections -Wall -fstack-usage -fcyclomatic-complexity -MMD -MP -MF"Core/Src/UARTCom.d" -MT"Core/Src/UARTCom.o" --specs=nano.specs -mfpu=fpv4-sp-d16 -mfloat-abi=hard -mthumb -o "Core/Src/UARTCom.o"
arm-none-eabi-gcc -o "STM32_mainmodule.elf" @"objects.list"   -mcpu=cortex-m4 -T"C:\University\2026-Summer\Project\ARTP\firmware\stm32_firmware\STM32_mainmodule\STM32_mainmodule\STM32F411RETX_FLASH.ld" --specs=nosys.specs -Wl,-Map="STM32_mainmodule.map" -Wl,--gc-sections -static --specs=nano.specs -mfpu=fpv4-sp-d16 -mfloat-abi=hard -mthumb -Wl,--start-group -lc -lm -Wl,--end-group
Finished building target: STM32_mainmodule.elf
 
arm-none-eabi-size  STM32_mainmodule.elf 
arm-none-eabi-objdump -h -S STM32_mainmodule.elf  > "STM32_mainmodule.list"
   text	   data	    bss	    dec	    hex	filename
  29468	    108	   7652	  37228	   916c	STM32_mainmodule.elf
Finished building: default.size.stdout
 
Finished building: STM32_mainmodule.list
 
22:16:16 **** Incremental Build of configuration Debug for project STM32_mainmodule ****
make -j24 all 
arm-none-eabi-gcc "../Core/Src/UARTCom.c" -mcpu=cortex-m4 -std=gnu11 -g3 -DDEBUG -DUSE_HAL_DRIVER -DSTM32F411xE -c -I../Core/Inc -I"C:/University/2026-Summer/Project/ARTP/firmware/stm32_firmware/STM32_mainmodule/STM32_mainmodule/Drivers/OLED" -I../Drivers/STM32F4xx_HAL_Driver/Inc -I../Drivers/STM32F4xx_HAL_Driver/Inc/Legacy -I../Drivers/CMSIS/Device/ST/STM32F4xx/Include -I../Drivers/CMSIS/Include -O0 -ffunction-sections -fdata-sections -Wall -fstack-usage -fcyclomatic-complexity -MMD -MP -MF"Core/Src/UARTCom.d" -MT"Core/Src/UARTCom.o" --specs=nano.specs -mfpu=fpv4-sp-d16 -mfloat-abi=hard -mthumb -o "Core/Src/UARTCom.o"
arm-none-eabi-gcc -o "STM32_mainmodule.elf" @"objects.list"   -mcpu=cortex-m4 -T"C:\University\2026-Summer\Project\ARTP\firmware\stm32_firmware\STM32_mainmodule\STM32_mainmodule\STM32F411RETX_FLASH.ld" --specs=nosys.specs -Wl,-Map="STM32_mainmodule.map" -Wl,--gc-sections -static --specs=nano.specs -mfpu=fpv4-sp-d16 -mfloat-abi=hard -mthumb -Wl,--start-group -lc -lm -Wl,--end-group
Finished building target: STM32_mainmodule.elf
 
arm-none-eabi-size  STM32_mainmodule.elf 
arm-none-eabi-objdump -h -S STM32_mainmodule.elf  > "STM32_mainmodule.list"
   text	   data	    bss	    dec	    hex	filename
  29492	    108	   7652	  37252	   9184	STM32_mainmodule.elf
Finished building: default.size.stdout
 
Finished building: STM32_mainmodule.list
 
22:23:44 **** Incremental Build of configuration Debug for project STM32_mainmodule ****
make -j24 all 
arm-none-eabi-gcc "../Core/Src/UARTCom.c" -mcpu=cortex-m4 -std=gnu11 -g3 -DDEBUG -DUSE_HAL_DRIVER -DSTM32F411xE -c -I../Core/Inc -I"C:/University/2026-Summer/Project/ARTP/firmware/stm32_firmware/STM32_mainmodule/STM32_mainmodule/Drivers/OLED" -I../Drivers/STM32F4xx_HAL_Driver/Inc -I../Drivers/STM32F4xx_HAL_Driver/Inc/Legacy -I../Drivers/CMSIS/Device/ST/STM32F4xx/Include -I../Drivers/CMSIS/Include -O0 -ffunction-sections -fdata-sections -Wall -fstack-usage -fcyclomatic-complexity -MMD -MP -MF"Core/Src/UARTCom.d" -MT"Core/Src/UARTCom.o" --specs=nano.specs -mfpu=fpv4-sp-d16 -mfloat-abi=hard -mthumb -o "Core/Src/UARTCom.o"
arm-none-eabi-gcc -o "STM32_mainmodule.elf" @"objects.list"   -mcpu=cortex-m4 -T"C:\University\2026-Summer\Project\ARTP\firmware\stm32_firmware\STM32_mainmodule\STM32_mainmodule\STM32F411RETX_FLASH.ld" --specs=nosys.specs -Wl,-Map="STM32_mainmodule.map" -Wl,--gc-sections -static --specs=nano.specs -mfpu=fpv4-sp-d16 -mfloat-abi=hard -mthumb -Wl,--start-group -lc -lm -Wl,--end-group
Finished building target: STM32_mainmodule.elf
 
arm-none-eabi-size  STM32_mainmodule.elf 
arm-none-eabi-objdump -h -S STM32_mainmodule.elf  > "STM32_mainmodule.list"
   text	   data	    bss	    dec	    hex	filename
  29496	    108	   7652	  37256	   9188	STM32_mainmodule.elf
Finished building: default.size.stdout
 
Finished building: STM32_mainmodule.list
 
22:24:52 **** Incremental Build of configuration Debug for project STM32_mainmodule ****
make -j24 all 
arm-none-eabi-gcc "../Core/Src/main.c" -mcpu=cortex-m4 -std=gnu11 -g3 -DDEBUG -DUSE_HAL_DRIVER -DSTM32F411xE -c -I../Core/Inc -I"C:/University/2026-Summer/Project/ARTP/firmware/stm32_firmware/STM32_mainmodule/STM32_mainmodule/Drivers/OLED" -I../Drivers/STM32F4xx_HAL_Driver/Inc -I../Drivers/STM32F4xx_HAL_Driver/Inc/Legacy -I../Drivers/CMSIS/Device/ST/STM32F4xx/Include -I../Drivers/CMSIS/Include -O0 -ffunction-sections -fdata-sections -Wall -fstack-usage -fcyclomatic-complexity -MMD -MP -MF"Core/Src/main.d" -MT"Core/Src/main.o" --specs=nano.specs -mfpu=fpv4-sp-d16 -mfloat-abi=hard -mthumb -o "Core/Src/main.o"
arm-none-eabi-gcc -o "STM32_mainmodule.elf" @"objects.list"   -mcpu=cortex-m4 -T"C:\University\2026-Summer\Project\ARTP\firmware\stm32_firmware\STM32_mainmodule\STM32_mainmodule\STM32F411RETX_FLASH.ld" --specs=nosys.specs -Wl,-Map="STM32_mainmodule.map" -Wl,--gc-sections -static --specs=nano.specs -mfpu=fpv4-sp-d16 -mfloat-abi=hard -mthumb -Wl,--start-group -lc -lm -Wl,--end-group
Finished building target: STM32_mainmodule.elf
 
arm-none-eabi-size  STM32_mainmodule.elf 
arm-none-eabi-objdump -h -S STM32_mainmodule.elf  > "STM32_mainmodule.list"
   text	   data	    bss	    dec	    hex	filename
  29500	    108	   7652	  37260	   918c	STM32_mainmodule.elf
Finished building: default.size.stdout
 
Finished building: STM32_mainmodule.list
 
22:26:14 **** Incremental Build of configuration Debug for project STM32_mainmodule ****
make -j24 all 
arm-none-eabi-gcc "../Core/Src/UARTCom.c" -mcpu=cortex-m4 -std=gnu11 -g3 -DDEBUG -DUSE_HAL_DRIVER -DSTM32F411xE -c -I../Core/Inc -I"C:/University/2026-Summer/Project/ARTP/firmware/stm32_firmware/STM32_mainmodule/STM32_mainmodule/Drivers/OLED" -I../Drivers/STM32F4xx_HAL_Driver/Inc -I../Drivers/STM32F4xx_HAL_Driver/Inc/Legacy -I../Drivers/CMSIS/Device/ST/STM32F4xx/Include -I../Drivers/CMSIS/Include -O0 -ffunction-sections -fdata-sections -Wall -fstack-usage -fcyclomatic-complexity -MMD -MP -MF"Core/Src/UARTCom.d" -MT"Core/Src/UARTCom.o" --specs=nano.specs -mfpu=fpv4-sp-d16 -mfloat-abi=hard -mthumb -o "Core/Src/UARTCom.o"
arm-none-eabi-gcc -o "STM32_mainmodule.elf" @"objects.list"   -mcpu=cortex-m4 -T"C:\University\2026-Summer\Project\ARTP\firmware\stm32_firmware\STM32_mainmodule\STM32_mainmodule\STM32F411RETX_FLASH.ld" --specs=nosys.specs -Wl,-Map="STM32_mainmodule.map" -Wl,--gc-sections -static --specs=nano.specs -mfpu=fpv4-sp-d16 -mfloat-abi=hard -mthumb -Wl,--start-group -lc -lm -Wl,--end-group
Finished building target: STM32_mainmodule.elf
 
arm-none-eabi-size  STM32_mainmodule.elf 
arm-none-eabi-objdump -h -S STM32_mainmodule.elf  > "STM32_mainmodule.list"
   text	   data	    bss	    dec	    hex	filename
  29496	    108	   7652	  37256	   9188	STM32_mainmodule.elf
Finished building: default.size.stdout
 
Finished building: STM32_mainmodule.list
 
22:30:10 **** Incremental Build of configuration Debug for project STM32_mainmodule ****
make -j24 all 
arm-none-eabi-gcc "../Core/Src/main.c" -mcpu=cortex-m4 -std=gnu11 -g3 -DDEBUG -DUSE_HAL_DRIVER -DSTM32F411xE -c -I../Core/Inc -I"C:/University/2026-Summer/Project/ARTP/firmware/stm32_firmware/STM32_mainmodule/STM32_mainmodule/Drivers/OLED" -I../Drivers/STM32F4xx_HAL_Driver/Inc -I../Drivers/STM32F4xx_HAL_Driver/Inc/Legacy -I../Drivers/CMSIS/Device/ST/STM32F4xx/Include -I../Drivers/CMSIS/Include -O0 -ffunction-sections -fdata-sections -Wall -fstack-usage -fcyclomatic-complexity -MMD -MP -MF"Core/Src/main.d" -MT"Core/Src/main.o" --specs=nano.specs -mfpu=fpv4-sp-d16 -mfloat-abi=hard -mthumb -o "Core/Src/main.o"
arm-none-eabi-gcc -o "STM32_mainmodule.elf" @"objects.list"   -mcpu=cortex-m4 -T"C:\University\2026-Summer\Project\ARTP\firmware\stm32_firmware\STM32_mainmodule\STM32_mainmodule\STM32F411RETX_FLASH.ld" --specs=nosys.specs -Wl,-Map="STM32_mainmodule.map" -Wl,--gc-sections -static --specs=nano.specs -mfpu=fpv4-sp-d16 -mfloat-abi=hard -mthumb -Wl,--start-group -lc -lm -Wl,--end-group
Finished building target: STM32_mainmodule.elf
 
arm-none-eabi-size  STM32_mainmodule.elf 
arm-none-eabi-objdump -h -S STM32_mainmodule.elf  > "STM32_mainmodule.list"
   text	   data	    bss	    dec	    hex	filename
  29492	    108	   7652	  37252	   9184	STM32_mainmodule.elf
Finished building: default.size.stdout
 
Finished building: STM32_mainmodule.list
 
22:45:29 **** Incremental Build of configuration Debug for project STM32_mainmodule ****
make -j24 all 
arm-none-eabi-gcc "../Core/Src/UARTCom.c" -mcpu=cortex-m4 -std=gnu11 -g3 -DDEBUG -DUSE_HAL_DRIVER -DSTM32F411xE -c -I../Core/Inc -I"C:/University/2026-Summer/Project/ARTP/firmware/stm32_firmware/STM32_mainmodule/STM32_mainmodule/Drivers/OLED" -I../Drivers/STM32F4xx_HAL_Driver/Inc -I../Drivers/STM32F4xx_HAL_Driver/Inc/Legacy -I../Drivers/CMSIS/Device/ST/STM32F4xx/Include -I../Drivers/CMSIS/Include -O0 -ffunction-sections -fdata-sections -Wall -fstack-usage -fcyclomatic-complexity -MMD -MP -MF"Core/Src/UARTCom.d" -MT"Core/Src/UARTCom.o" --specs=nano.specs -mfpu=fpv4-sp-d16 -mfloat-abi=hard -mthumb -o "Core/Src/UARTCom.o"
arm-none-eabi-gcc "../Core/Src/main.c" -mcpu=cortex-m4 -std=gnu11 -g3 -DDEBUG -DUSE_HAL_DRIVER -DSTM32F411xE -c -I../Core/Inc -I"C:/University/2026-Summer/Project/ARTP/firmware/stm32_firmware/STM32_mainmodule/STM32_mainmodule/Drivers/OLED" -I../Drivers/STM32F4xx_HAL_Driver/Inc -I../Drivers/STM32F4xx_HAL_Driver/Inc/Legacy -I../Drivers/CMSIS/Device/ST/STM32F4xx/Include -I../Drivers/CMSIS/Include -O0 -ffunction-sections -fdata-sections -Wall -fstack-usage -fcyclomatic-complexity -MMD -MP -MF"Core/Src/main.d" -MT"Core/Src/main.o" --specs=nano.specs -mfpu=fpv4-sp-d16 -mfloat-abi=hard -mthumb -o "Core/Src/main.o"
arm-none-eabi-gcc -o "STM32_mainmodule.elf" @"objects.list"   -mcpu=cortex-m4 -T"C:\University\2026-Summer\Project\ARTP\firmware\stm32_firmware\STM32_mainmodule\STM32_mainmodule\STM32F411RETX_FLASH.ld" --specs=nosys.specs -Wl,-Map="STM32_mainmodule.map" -Wl,--gc-sections -static --specs=nano.specs -mfpu=fpv4-sp-d16 -mfloat-abi=hard -mthumb -Wl,--start-group -lc -lm -Wl,--end-group
Finished building target: STM32_mainmodule.elf
 
arm-none-eabi-size  STM32_mainmodule.elf 
arm-none-eabi-objdump -h -S STM32_mainmodule.elf  > "STM32_mainmodule.list"
   text	   data	    bss	    dec	    hex	filename
  29496	    108	   7652	  37256	   9188	STM32_mainmodule.elf
Finished building: default.size.stdout
 
Finished building: STM32_mainmodule.list
 
22:46:25 **** Incremental Build of configuration Debug for project STM32_mainmodule ****
make -j24 all 
arm-none-eabi-gcc "../Core/Src/main.c" -mcpu=cortex-m4 -std=gnu11 -g3 -DDEBUG -DUSE_HAL_DRIVER -DSTM32F411xE -c -I../Core/Inc -I"C:/University/2026-Summer/Project/ARTP/firmware/stm32_firmware/STM32_mainmodule/STM32_mainmodule/Drivers/OLED" -I../Drivers/STM32F4xx_HAL_Driver/Inc -I../Drivers/STM32F4xx_HAL_Driver/Inc/Legacy -I../Drivers/CMSIS/Device/ST/STM32F4xx/Include -I../Drivers/CMSIS/Include -O0 -ffunction-sections -fdata-sections -Wall -fstack-usage -fcyclomatic-complexity -MMD -MP -MF"Core/Src/main.d" -MT"Core/Src/main.o" --specs=nano.specs -mfpu=fpv4-sp-d16 -mfloat-abi=hard -mthumb -o "Core/Src/main.o"
arm-none-eabi-gcc -o "STM32_mainmodule.elf" @"objects.list"   -mcpu=cortex-m4 -T"C:\University\2026-Summer\Project\ARTP\firmware\stm32_firmware\STM32_mainmodule\STM32_mainmodule\STM32F411RETX_FLASH.ld" --specs=nosys.specs -Wl,-Map="STM32_mainmodule.map" -Wl,--gc-sections -static --specs=nano.specs -mfpu=fpv4-sp-d16 -mfloat-abi=hard -mthumb -Wl,--start-group -lc -lm -Wl,--end-group
Finished building target: STM32_mainmodule.elf
 
arm-none-eabi-size  STM32_mainmodule.elf 
arm-none-eabi-objdump -h -S STM32_mainmodule.elf  > "STM32_mainmodule.list"
   text	   data	    bss	    dec	    hex	filename
  29496	    108	   7652	  37256	   9188	STM32_mainmodule.elf
Finished building: default.size.stdout
 
Finished building: STM32_mainmodule.list
 
22:47:40 **** Incremental Build of configuration Debug for project STM32_mainmodule ****
make -j24 all 
arm-none-eabi-gcc "../Core/Src/main.c" -mcpu=cortex-m4 -std=gnu11 -g3 -DDEBUG -DUSE_HAL_DRIVER -DSTM32F411xE -c -I../Core/Inc -I"C:/University/2026-Summer/Project/ARTP/firmware/stm32_firmware/STM32_mainmodule/STM32_mainmodule/Drivers/OLED" -I../Drivers/STM32F4xx_HAL_Driver/Inc -I../Drivers/STM32F4xx_HAL_Driver/Inc/Legacy -I../Drivers/CMSIS/Device/ST/STM32F4xx/Include -I../Drivers/CMSIS/Include -O0 -ffunction-sections -fdata-sections -Wall -fstack-usage -fcyclomatic-complexity -MMD -MP -MF"Core/Src/main.d" -MT"Core/Src/main.o" --specs=nano.specs -mfpu=fpv4-sp-d16 -mfloat-abi=hard -mthumb -o "Core/Src/main.o"
arm-none-eabi-gcc -o "STM32_mainmodule.elf" @"objects.list"   -mcpu=cortex-m4 -T"C:\University\2026-Summer\Project\ARTP\firmware\stm32_firmware\STM32_mainmodule\STM32_mainmodule\STM32F411RETX_FLASH.ld" --specs=nosys.specs -Wl,-Map="STM32_mainmodule.map" -Wl,--gc-sections -static --specs=nano.specs -mfpu=fpv4-sp-d16 -mfloat-abi=hard -mthumb -Wl,--start-group -lc -lm -Wl,--end-group
Finished building target: STM32_mainmodule.elf
 
arm-none-eabi-size  STM32_mainmodule.elf 
arm-none-eabi-objdump -h -S STM32_mainmodule.elf  > "STM32_mainmodule.list"
   text	   data	    bss	    dec	    hex	filename
  29496	    108	   7652	  37256	   9188	STM32_mainmodule.elf
Finished building: default.size.stdout
 
Finished building: STM32_mainmodule.list
 
22:48:32 **** Incremental Build of configuration Debug for project STM32_mainmodule ****
make -j24 all 
arm-none-eabi-gcc "../Core/Src/main.c" -mcpu=cortex-m4 -std=gnu11 -g3 -DDEBUG -DUSE_HAL_DRIVER -DSTM32F411xE -c -I../Core/Inc -I"C:/University/2026-Summer/Project/ARTP/firmware/stm32_firmware/STM32_mainmodule/STM32_mainmodule/Drivers/OLED" -I../Drivers/STM32F4xx_HAL_Driver/Inc -I../Drivers/STM32F4xx_HAL_Driver/Inc/Legacy -I../Drivers/CMSIS/Device/ST/STM32F4xx/Include -I../Drivers/CMSIS/Include -O0 -ffunction-sections -fdata-sections -Wall -fstack-usage -fcyclomatic-complexity -MMD -MP -MF"Core/Src/main.d" -MT"Core/Src/main.o" --specs=nano.specs -mfpu=fpv4-sp-d16 -mfloat-abi=hard -mthumb -o "Core/Src/main.o"
arm-none-eabi-gcc -o "STM32_mainmodule.elf" @"objects.list"   -mcpu=cortex-m4 -T"C:\University\2026-Summer\Project\ARTP\firmware\stm32_firmware\STM32_mainmodule\STM32_mainmodule\STM32F411RETX_FLASH.ld" --specs=nosys.specs -Wl,-Map="STM32_mainmodule.map" -Wl,--gc-sections -static --specs=nano.specs -mfpu=fpv4-sp-d16 -mfloat-abi=hard -mthumb -Wl,--start-group -lc -lm -Wl,--end-group
Finished building target: STM32_mainmodule.elf
 
arm-none-eabi-size  STM32_mainmodule.elf 
arm-none-eabi-objdump -h -S STM32_mainmodule.elf  > "STM32_mainmodule.list"
   text	   data	    bss	    dec	    hex	filename
  29492	    108	   7652	  37252	   9184	STM32_mainmodule.elf
Finished building: default.size.stdout
 
Finished building: STM32_mainmodule.list
 
22:09:29 **** Incremental Build of configuration Debug for project STM32_mainmodule ****
make -j24 all 
arm-none-eabi-gcc "../Core/Src/UARTCom.c" -mcpu=cortex-m4 -std=gnu11 -g3 -DDEBUG -DUSE_HAL_DRIVER -DSTM32F411xE -c -I../Core/Inc -I"C:/University/2026-Summer/Project/ARTP/firmware/stm32_firmware/STM32_mainmodule/STM32_mainmodule/Drivers/OLED" -I../Drivers/STM32F4xx_HAL_Driver/Inc -I../Drivers/STM32F4xx_HAL_Driver/Inc/Legacy -I../Drivers/CMSIS/Device/ST/STM32F4xx/Include -I../Drivers/CMSIS/Include -O0 -ffunction-sections -fdata-sections -Wall -fstack-usage -fcyclomatic-complexity -MMD -MP -MF"Core/Src/UARTCom.d" -MT"Core/Src/UARTCom.o" --specs=nano.specs -mfpu=fpv4-sp-d16 -mfloat-abi=hard -mthumb -o "Core/Src/UARTCom.o"
[...]
Finished building target: STM32_mainmodule.elf
 
arm-none-eabi-size  STM32_mainmodule.elf 
arm-none-eabi-objdump -h -S STM32_mainmodule.elf  > "STM32_mainmodule.list"
   text	   data	    bss	    dec	    hex	filename
  56392	    632	   7792	  64816	   fd30	STM32_mainmodule.elf
Finished building: default.size.stdout
 
Finished building: STM32_mainmodule.list
 
21:51:25 **** Incremental Build of configuration Debug for project STM32_mainmodule ****
make -j24 all 
arm-none-eabi-size  STM32_mainmodule.elf 
   text	   data	    bss	    dec	    hex	filename
  56392	    632	   7792	  64816	   fd30	STM32_mainmodule.elf
Finished building: default.size.stdout
 
21:57:49 **** Incremental Build of configuration Debug for project STM32_mainmodule ****
make -j24 all 
arm-none-eabi-gcc "../Core/Src/MPU6050.c" -mcpu=cortex-m4 -std=gnu11 -g3 -DDEBUG -DUSE_HAL_DRIVER -DSTM32F411xE -c -I../Core/Inc -I"C:/University/2026-Summer/Project/ARTP/firmware/stm32_firmware/STM32_mainmodule/STM32_mainmodule/Drivers/OLED" -I../Drivers/STM32F4xx_HAL_Driver/Inc -I../Drivers/STM32F4xx_HAL_Driver/Inc/Legacy -I../Drivers/CMSIS/Device/ST/STM32F4xx/Include -I../Drivers/CMSIS/Include -O0 -ffunction-sections -fdata-sections -Wall -fstack-usage -fcyclomatic-complexity -MMD -MP -MF"Core/Src/MPU6050.d" -MT"Core/Src/MPU6050.o" --specs=nano.specs -mfpu=fpv4-sp-d16 -mfloat-abi=hard -mthumb -o "Core/Src/MPU6050.o"
../Core/Src/MPU6050.c: In function 'MPU6050_init':
../Core/Src/MPU6050.c:41:16: error: passing argument 1 of 'printf' makes pointer from integer without a cast [-Wint-conversion]
   41 |         printf(status);
      |                ^~~~~~
      |                |
      |                HAL_StatusTypeDef
In file included from ../Core/Src/MPU6050.c:2:
C:\ST\STM32CubeIDE_2.1.1\STM32CubeIDE\plugins\com.st.stm32cube.ide.mcu.externaltools.gnu-tools-for-stm32.14.3.rel1.win32_1.0.100.202602081740\tools\bin/../lib/gcc/arm-none-eabi/14.3.1/../../../../arm-none-eabi/include/stdio.h:206:17: note: expected 'const char * restrict' but argument is of type 'HAL_StatusTypeDef'
  206 | int     printf (const char *__restrict, ...)
      |                 ^
make: *** [Core/Src/subdir.mk:64: Core/Src/MPU6050.o] Error 1
"make -j24 all" terminated with exit code 2. Build might be incomplete.
21:58:13 **** Incremental Build of configuration Debug for project STM32_mainmodule ****
make -j24 all 
arm-none-eabi-gcc "../Core/Src/MPU6050.c" -mcpu=cortex-m4 -std=gnu11 -g3 -DDEBUG -DUSE_HAL_DRIVER -DSTM32F411xE -c -I../Core/Inc -I"C:/University/2026-Summer/Project/ARTP/firmware/stm32_firmware/STM32_mainmodule/STM32_mainmodule/Drivers/OLED" -I../Drivers/STM32F4xx_HAL_Driver/Inc -I../Drivers/STM32F4xx_HAL_Driver/Inc/Legacy -I../Drivers/CMSIS/Device/ST/STM32F4xx/Include -I../Drivers/CMSIS/Include -O0 -ffunction-sections -fdata-sections -Wall -fstack-usage -fcyclomatic-complexity -MMD -MP -MF"Core/Src/MPU6050.d" -MT"Core/Src/MPU6050.o" --specs=nano.specs -mfpu=fpv4-sp-d16 -mfloat-abi=hard -mthumb -o "Core/Src/MPU6050.o"
../Core/Src/MPU6050.c: In function 'MPU6050_init':
../Core/Src/MPU6050.c:41:17: error: passing argument 1 of 'sprintf' makes pointer from integer without a cast [-Wint-conversion]
   41 |         sprintf(status);
      |                 ^~~~~~
      |                 |
      |                 HAL_StatusTypeDef
In file included from ../Core/Src/MPU6050.c:2:
C:\ST\STM32CubeIDE_2.1.1\STM32CubeIDE\plugins\com.st.stm32cube.ide.mcu.externaltools.gnu-tools-for-stm32.14.3.rel1.win32_1.0.100.202602081740\tools\bin/../lib/gcc/arm-none-eabi/14.3.1/../../../../arm-none-eabi/include/stdio.h:250:18: note: expected 'char * restrict' but argument is of type 'HAL_StatusTypeDef'
  250 | int     sprintf (char *__restrict, const char *__restrict, ...)
      |                  ^
../Core/Src/MPU6050.c:41:9: error: too few arguments to function 'sprintf'
   41 |         sprintf(status);
      |         ^~~~~~~
C:\ST\STM32CubeIDE_2.1.1\STM32CubeIDE\plugins\com.st.stm32cube.ide.mcu.externaltools.gnu-tools-for-stm32.14.3.rel1.win32_1.0.100.202602081740\tools\bin/../lib/gcc/arm-none-eabi/14.3.1/../../../../arm-none-eabi/include/stdio.h:250:9: note: declared here
  250 | int     sprintf (char *__restrict, const char *__restrict, ...)
      |         ^~~~~~~
make: *** [Core/Src/subdir.mk:64: Core/Src/MPU6050.o] Error 1
"make -j24 all" terminated with exit code 2. Build might be incomplete.
22:02:44 **** Incremental Build of configuration Debug for project STM32_mainmodule ****
make -j24 all 
arm-none-eabi-gcc "../Core/Src/MPU6050.c" -mcpu=cortex-m4 -std=gnu11 -g3 -DDEBUG -DUSE_HAL_DRIVER -DSTM32F411xE -c -I../Core/Inc -I"C:/University/2026-Summer/Project/ARTP/firmware/stm32_firmware/STM32_mainmodule/STM32_mainmodule/Drivers/OLED" -I../Drivers/STM32F4xx_HAL_Driver/Inc -I../Drivers/STM32F4xx_HAL_Driver/Inc/Legacy -I../Drivers/CMSIS/Device/ST/STM32F4xx/Include -I../Drivers/CMSIS/Include -O0 -ffunction-sections -fdata-sections -Wall -fstack-usage -fcyclomatic-complexity -MMD -MP -MF"Core/Src/MPU6050.d" -MT"Core/Src/MPU6050.o" --specs=nano.specs -mfpu=fpv4-sp-d16 -mfloat-abi=hard -mthumb -o "Core/Src/MPU6050.o"
arm-none-eabi-gcc -o "STM32_mainmodule.elf" @"objects.list"   -mcpu=cortex-m4 -T"C:\University\2026-Summer\Project\ARTP\firmware\stm32_firmware\STM32_mainmodule\STM32_mainmodule\STM32F411RETX_FLASH.ld" --specs=nosys.specs -Wl,-Map="STM32_mainmodule.map" -Wl,--gc-sections -static --specs=nano.specs -mfpu=fpv4-sp-d16 -mfloat-abi=hard -mthumb -u _printf_float -Wl,--start-group -lc -lm -Wl,--end-group
Finished building target: STM32_mainmodule.elf
 
arm-none-eabi-size  STM32_mainmodule.elf 
arm-none-eabi-objdump -h -S STM32_mainmodule.elf  > "STM32_mainmodule.list"
   text	   data	    bss	    dec	    hex	filename
  56432	    632	   7792	  64856	   fd58	STM32_mainmodule.elf
Finished building: default.size.stdout
 
Finished building: STM32_mainmodule.list
 
22:11:09 **** Incremental Build of configuration Debug for project STM32_mainmodule ****
make -j24 all 
arm-none-eabi-gcc "../Core/Src/MPU6050.c" -mcpu=cortex-m4 -std=gnu11 -g3 -DDEBUG -DUSE_HAL_DRIVER -DSTM32F411xE -c -I../Core/Inc -I"C:/University/2026-Summer/Project/ARTP/firmware/stm32_firmware/STM32_mainmodule/STM32_mainmodule/Drivers/OLED" -I../Drivers/STM32F4xx_HAL_Driver/Inc -I../Drivers/STM32F4xx_HAL_Driver/Inc/Legacy -I../Drivers/CMSIS/Device/ST/STM32F4xx/Include -I../Drivers/CMSIS/Include -O0 -ffunction-sections -fdata-sections -Wall -fstack-usage -fcyclomatic-complexity -MMD -MP -MF"Core/Src/MPU6050.d" -MT"Core/Src/MPU6050.o" --specs=nano.specs -mfpu=fpv4-sp-d16 -mfloat-abi=hard -mthumb -o "Core/Src/MPU6050.o"
arm-none-eabi-gcc -o "STM32_mainmodule.elf" @"objects.list"   -mcpu=cortex-m4 -T"C:\University\2026-Summer\Project\ARTP\firmware\stm32_firmware\STM32_mainmodule\STM32_mainmodule\STM32F411RETX_FLASH.ld" --specs=nosys.specs -Wl,-Map="STM32_mainmodule.map" -Wl,--gc-sections -static --specs=nano.specs -mfpu=fpv4-sp-d16 -mfloat-abi=hard -mthumb -u _printf_float -Wl,--start-group -lc -lm -Wl,--end-group
Finished building target: STM32_mainmodule.elf
 
arm-none-eabi-size  STM32_mainmodule.elf 
arm-none-eabi-objdump -h -S STM32_mainmodule.elf  > "STM32_mainmodule.list"
   text	   data	    bss	    dec	    hex	filename
  56416	    632	   7792	  64840	   fd48	STM32_mainmodule.elf
Finished building: default.size.stdout
 
Finished building: STM32_mainmodule.list
 
22:16:56 **** Incremental Build of configuration Debug for project STM32_mainmodule ****
make -j24 all 
arm-none-eabi-gcc "../Core/Src/MPU6050.c" -mcpu=cortex-m4 -std=gnu11 -g3 -DDEBUG -DUSE_HAL_DRIVER -DSTM32F411xE -c -I../Core/Inc -I"C:/University/2026-Summer/Project/ARTP/firmware/stm32_firmware/STM32_mainmodule/STM32_mainmodule/Drivers/OLED" -I../Drivers/STM32F4xx_HAL_Driver/Inc -I../Drivers/STM32F4xx_HAL_Driver/Inc/Legacy -I../Drivers/CMSIS/Device/ST/STM32F4xx/Include -I../Drivers/CMSIS/Include -O0 -ffunction-sections -fdata-sections -Wall -fstack-usage -fcyclomatic-complexity -MMD -MP -MF"Core/Src/MPU6050.d" -MT"Core/Src/MPU6050.o" --specs=nano.specs -mfpu=fpv4-sp-d16 -mfloat-abi=hard -mthumb -o "Core/Src/MPU6050.o"
arm-none-eabi-gcc -o "STM32_mainmodule.elf" @"objects.list"   -mcpu=cortex-m4 -T"C:\University\2026-Summer\Project\ARTP\firmware\stm32_firmware\STM32_mainmodule\STM32_mainmodule\STM32F411RETX_FLASH.ld" --specs=nosys.specs -Wl,-Map="STM32_mainmodule.map" -Wl,--gc-sections -static --specs=nano.specs -mfpu=fpv4-sp-d16 -mfloat-abi=hard -mthumb -u _printf_float -Wl,--start-group -lc -lm -Wl,--end-group
Finished building target: STM32_mainmodule.elf
 
arm-none-eabi-size  STM32_mainmodule.elf 
arm-none-eabi-objdump -h -S STM32_mainmodule.elf  > "STM32_mainmodule.list"
   text	   data	    bss	    dec	    hex	filename
  56440	    632	   7792	  64864	   fd60	STM32_mainmodule.elf
Finished building: default.size.stdout
 
Finished building: STM32_mainmodule.list
 
22:35:07 **** Incremental Build of configuration Debug for project STM32_mainmodule ****
make -j24 all 
arm-none-eabi-gcc "../Core/Src/MPU6050.c" -mcpu=cortex-m4 -std=gnu11 -g3 -DDEBUG -DUSE_HAL_DRIVER -DSTM32F411xE -c -I../Core/Inc -I"C:/University/2026-Summer/Project/ARTP/firmware/stm32_firmware/STM32_mainmodule/STM32_mainmodule/Drivers/OLED" -I../Drivers/STM32F4xx_HAL_Driver/Inc -I../Drivers/STM32F4xx_HAL_Driver/Inc/Legacy -I../Drivers/CMSIS/Device/ST/STM32F4xx/Include -I../Drivers/CMSIS/Include -O0 -ffunction-sections -fdata-sections -Wall -fstack-usage -fcyclomatic-complexity -MMD -MP -MF"Core/Src/MPU6050.d" -MT"Core/Src/MPU6050.o" --specs=nano.specs -mfpu=fpv4-sp-d16 -mfloat-abi=hard -mthumb -o "Core/Src/MPU6050.o"
arm-none-eabi-gcc "../Core/Src/main.c" -mcpu=cortex-m4 -std=gnu11 -g3 -DDEBUG -DUSE_HAL_DRIVER -DSTM32F411xE -c -I../Core/Inc -I"C:/University/2026-Summer/Project/ARTP/firmware/stm32_firmware/STM32_mainmodule/STM32_mainmodule/Drivers/OLED" -I../Drivers/STM32F4xx_HAL_Driver/Inc -I../Drivers/STM32F4xx_HAL_Driver/Inc/Legacy -I../Drivers/CMSIS/Device/ST/STM32F4xx/Include -I../Drivers/CMSIS/Include -O0 -ffunction-sections -fdata-sections -Wall -fstack-usage -fcyclomatic-complexity -MMD -MP -MF"Core/Src/main.d" -MT"Core/Src/main.o" --specs=nano.specs -mfpu=fpv4-sp-d16 -mfloat-abi=hard -mthumb -o "Core/Src/main.o"
arm-none-eabi-gcc -o "STM32_mainmodule.elf" @"objects.list"   -mcpu=cortex-m4 -T"C:\University\2026-Summer\Project\ARTP\firmware\stm32_firmware\STM32_mainmodule\STM32_mainmodule\STM32F411RETX_FLASH.ld" --specs=nosys.specs -Wl,-Map="STM32_mainmodule.map" -Wl,--gc-sections -static --specs=nano.specs -mfpu=fpv4-sp-d16 -mfloat-abi=hard -mthumb -u _printf_float -Wl,--start-group -lc -lm -Wl,--end-group
Finished building target: STM32_mainmodule.elf
 
arm-none-eabi-size  STM32_mainmodule.elf 
arm-none-eabi-objdump -h -S STM32_mainmodule.elf  > "STM32_mainmodule.list"
   text	   data	    bss	    dec	    hex	filename
  56464	    632	   7792	  64888	   fd78	STM32_mainmodule.elf
Finished building: default.size.stdout
 
Finished building: STM32_mainmodule.list
 
22:35:54 **** Incremental Build of configuration Debug for project STM32_mainmodule ****
make -j24 all 
arm-none-eabi-gcc "../Core/Src/MPU6050.c" -mcpu=cortex-m4 -std=gnu11 -g3 -DDEBUG -DUSE_HAL_DRIVER -DSTM32F411xE -c -I../Core/Inc -I"C:/University/2026-Summer/Project/ARTP/firmware/stm32_firmware/STM32_mainmodule/STM32_mainmodule/Drivers/OLED" -I../Drivers/STM32F4xx_HAL_Driver/Inc -I../Drivers/STM32F4xx_HAL_Driver/Inc/Legacy -I../Drivers/CMSIS/Device/ST/STM32F4xx/Include -I../Drivers/CMSIS/Include -O0 -ffunction-sections -fdata-sections -Wall -fstack-usage -fcyclomatic-complexity -MMD -MP -MF"Core/Src/MPU6050.d" -MT"Core/Src/MPU6050.o" --specs=nano.specs -mfpu=fpv4-sp-d16 -mfloat-abi=hard -mthumb -o "Core/Src/MPU6050.o"
arm-none-eabi-gcc -o "STM32_mainmodule.elf" @"objects.list"   -mcpu=cortex-m4 -T"C:\University\2026-Summer\Project\ARTP\firmware\stm32_firmware\STM32_mainmodule\STM32_mainmodule\STM32F411RETX_FLASH.ld" --specs=nosys.specs -Wl,-Map="STM32_mainmodule.map" -Wl,--gc-sections -static --specs=nano.specs -mfpu=fpv4-sp-d16 -mfloat-abi=hard -mthumb -u _printf_float -Wl,--start-group -lc -lm -Wl,--end-group
Finished building target: STM32_mainmodule.elf
 
arm-none-eabi-size  STM32_mainmodule.elf 
arm-none-eabi-objdump -h -S STM32_mainmodule.elf  > "STM32_mainmodule.list"
   text	   data	    bss	    dec	    hex	filename
  56464	    632	   7792	  64888	   fd78	STM32_mainmodule.elf
Finished building: default.size.stdout
 
Finished building: STM32_mainmodule.list
 
22:46:26 **** Incremental Build of configuration Debug for project STM32_mainmodule ****
make -j24 all 
arm-none-eabi-gcc "../Core/Src/main.c" -mcpu=cortex-m4 -std=gnu11 -g3 -DDEBUG -DUSE_HAL_DRIVER -DSTM32F411xE -c -I../Core/Inc -I"C:/University/2026-Summer/Project/ARTP/firmware/stm32_firmware/STM32_mainmodule/STM32_mainmodule/Drivers/OLED" -I../Drivers/STM32F4xx_HAL_Driver/Inc -I../Drivers/STM32F4xx_HAL_Driver/Inc/Legacy -I../Drivers/CMSIS/Device/ST/STM32F4xx/Include -I../Drivers/CMSIS/Include -O0 -ffunction-sections -fdata-sections -Wall -fstack-usage -fcyclomatic-complexity -MMD -MP -MF"Core/Src/main.d" -MT"Core/Src/main.o" --specs=nano.specs -mfpu=fpv4-sp-d16 -mfloat-abi=hard -mthumb -o "Core/Src/main.o"
arm-none-eabi-gcc -o "STM32_mainmodule.elf" @"objects.list"   -mcpu=cortex-m4 -T"C:\University\2026-Summer\Project\ARTP\firmware\stm32_firmware\STM32_mainmodule\STM32_mainmodule\STM32F411RETX_FLASH.ld" --specs=nosys.specs -Wl,-Map="STM32_mainmodule.map" -Wl,--gc-sections -static --specs=nano.specs -mfpu=fpv4-sp-d16 -mfloat-abi=hard -mthumb -u _printf_float -Wl,--start-group -lc -lm -Wl,--end-group
Finished building target: STM32_mainmodule.elf
 
arm-none-eabi-size  STM32_mainmodule.elf 
arm-none-eabi-objdump -h -S STM32_mainmodule.elf  > "STM32_mainmodule.list"
   text	   data	    bss	    dec	    hex	filename
  56480	    632	   7792	  64904	   fd88	STM32_mainmodule.elf
Finished building: default.size.stdout
 
Finished building: STM32_mainmodule.list
 
22:54:31 **** Incremental Build of configuration Debug for project STM32_mainmodule ****
make -j24 all 
arm-none-eabi-gcc "../Core/Src/MPU6050.c" -mcpu=cortex-m4 -std=gnu11 -g3 -DDEBUG -DUSE_HAL_DRIVER -DSTM32F411xE -c -I../Core/Inc -I"C:/University/2026-Summer/Project/ARTP/firmware/stm32_firmware/STM32_mainmodule/STM32_mainmodule/Drivers/OLED" -I../Drivers/STM32F4xx_HAL_Driver/Inc -I../Drivers/STM32F4xx_HAL_Driver/Inc/Legacy -I../Drivers/CMSIS/Device/ST/STM32F4xx/Include -I../Drivers/CMSIS/Include -O0 -ffunction-sections -fdata-sections -Wall -fstack-usage -fcyclomatic-complexity -MMD -MP -MF"Core/Src/MPU6050.d" -MT"Core/Src/MPU6050.o" --specs=nano.specs -mfpu=fpv4-sp-d16 -mfloat-abi=hard -mthumb -o "Core/Src/MPU6050.o"
arm-none-eabi-gcc -o "STM32_mainmodule.elf" @"objects.list"   -mcpu=cortex-m4 -T"C:\University\2026-Summer\Project\ARTP\firmware\stm32_firmware\STM32_mainmodule\STM32_mainmodule\STM32F411RETX_FLASH.ld" --specs=nosys.specs -Wl,-Map="STM32_mainmodule.map" -Wl,--gc-sections -static --specs=nano.specs -mfpu=fpv4-sp-d16 -mfloat-abi=hard -mthumb -u _printf_float -Wl,--start-group -lc -lm -Wl,--end-group
Finished building target: STM32_mainmodule.elf
 
arm-none-eabi-size  STM32_mainmodule.elf 
arm-none-eabi-objdump -h -S STM32_mainmodule.elf  > "STM32_mainmodule.list"
   text	   data	    bss	    dec	    hex	filename
  56512	    632	   7792	  64936	   fda8	STM32_mainmodule.elf
Finished building: default.size.stdout
 
Finished building: STM32_mainmodule.list
 
22:56:42 **** Incremental Build of configuration Debug for project STM32_mainmodule ****
make -j24 all 
arm-none-eabi-gcc "../Core/Src/MPU6050.c" -mcpu=cortex-m4 -std=gnu11 -g3 -DDEBUG -DUSE_HAL_DRIVER -DSTM32F411xE -c -I../Core/Inc -I"C:/University/2026-Summer/Project/ARTP/firmware/stm32_firmware/STM32_mainmodule/STM32_mainmodule/Drivers/OLED" -I../Drivers/STM32F4xx_HAL_Driver/Inc -I../Drivers/STM32F4xx_HAL_Driver/Inc/Legacy -I../Drivers/CMSIS/Device/ST/STM32F4xx/Include -I../Drivers/CMSIS/Include -O0 -ffunction-sections -fdata-sections -Wall -fstack-usage -fcyclomatic-complexity -MMD -MP -MF"Core/Src/MPU6050.d" -MT"Core/Src/MPU6050.o" --specs=nano.specs -mfpu=fpv4-sp-d16 -mfloat-abi=hard -mthumb -o "Core/Src/MPU6050.o"
arm-none-eabi-gcc -o "STM32_mainmodule.elf" @"objects.list"   -mcpu=cortex-m4 -T"C:\University\2026-Summer\Project\ARTP\firmware\stm32_firmware\STM32_mainmodule\STM32_mainmodule\STM32F411RETX_FLASH.ld" --specs=nosys.specs -Wl,-Map="STM32_mainmodule.map" -Wl,--gc-sections -static --specs=nano.specs -mfpu=fpv4-sp-d16 -mfloat-abi=hard -mthumb -u _printf_float -Wl,--start-group -lc -lm -Wl,--end-group
Finished building target: STM32_mainmodule.elf
 
arm-none-eabi-size  STM32_mainmodule.elf 
arm-none-eabi-objdump -h -S STM32_mainmodule.elf  > "STM32_mainmodule.list"
   text	   data	    bss	    dec	    hex	filename
  56536	    632	   7792	  64960	   fdc0	STM32_mainmodule.elf
Finished building: default.size.stdout
 
Finished building: STM32_mainmodule.list
 
22:57:43 **** Incremental Build of configuration Debug for project STM32_mainmodule ****
make -j24 all 
arm-none-eabi-gcc "../Core/Src/MPU6050.c" -mcpu=cortex-m4 -std=gnu11 -g3 -DDEBUG -DUSE_HAL_DRIVER -DSTM32F411xE -c -I../Core/Inc -I"C:/University/2026-Summer/Project/ARTP/firmware/stm32_firmware/STM32_mainmodule/STM32_mainmodule/Drivers/OLED" -I../Drivers/STM32F4xx_HAL_Driver/Inc -I../Drivers/STM32F4xx_HAL_Driver/Inc/Legacy -I../Drivers/CMSIS/Device/ST/STM32F4xx/Include -I../Drivers/CMSIS/Include -O0 -ffunction-sections -fdata-sections -Wall -fstack-usage -fcyclomatic-complexity -MMD -MP -MF"Core/Src/MPU6050.d" -MT"Core/Src/MPU6050.o" --specs=nano.specs -mfpu=fpv4-sp-d16 -mfloat-abi=hard -mthumb -o "Core/Src/MPU6050.o"
arm-none-eabi-gcc -o "STM32_mainmodule.elf" @"objects.list"   -mcpu=cortex-m4 -T"C:\University\2026-Summer\Project\ARTP\firmware\stm32_firmware\STM32_mainmodule\STM32_mainmodule\STM32F411RETX_FLASH.ld" --specs=nosys.specs -Wl,-Map="STM32_mainmodule.map" -Wl,--gc-sections -static --specs=nano.specs -mfpu=fpv4-sp-d16 -mfloat-abi=hard -mthumb -u _printf_float -Wl,--start-group -lc -lm -Wl,--end-group
Finished building target: STM32_mainmodule.elf
 
arm-none-eabi-size  STM32_mainmodule.elf 
arm-none-eabi-objdump -h -S STM32_mainmodule.elf  > "STM32_mainmodule.list"
   text	   data	    bss	    dec	    hex	filename
  56536	    632	   7792	  64960	   fdc0	STM32_mainmodule.elf
Finished building: default.size.stdout
 
Finished building: STM32_mainmodule.list
 
22:59:11 **** Incremental Build of configuration Debug for project STM32_mainmodule ****
make -j24 all 
arm-none-eabi-gcc "../Core/Src/MPU6050.c" -mcpu=cortex-m4 -std=gnu11 -g3 -DDEBUG -DUSE_HAL_DRIVER -DSTM32F411xE -c -I../Core/Inc -I"C:/University/2026-Summer/Project/ARTP/firmware/stm32_firmware/STM32_mainmodule/STM32_mainmodule/Drivers/OLED" -I../Drivers/STM32F4xx_HAL_Driver/Inc -I../Drivers/STM32F4xx_HAL_Driver/Inc/Legacy -I../Drivers/CMSIS/Device/ST/STM32F4xx/Include -I../Drivers/CMSIS/Include -O0 -ffunction-sections -fdata-sections -Wall -fstack-usage -fcyclomatic-complexity -MMD -MP -MF"Core/Src/MPU6050.d" -MT"Core/Src/MPU6050.o" --specs=nano.specs -mfpu=fpv4-sp-d16 -mfloat-abi=hard -mthumb -o "Core/Src/MPU6050.o"
arm-none-eabi-gcc -o "STM32_mainmodule.elf" @"objects.list"   -mcpu=cortex-m4 -T"C:\University\2026-Summer\Project\ARTP\firmware\stm32_firmware\STM32_mainmodule\STM32_mainmodule\STM32F411RETX_FLASH.ld" --specs=nosys.specs -Wl,-Map="STM32_mainmodule.map" -Wl,--gc-sections -static --specs=nano.specs -mfpu=fpv4-sp-d16 -mfloat-abi=hard -mthumb -u _printf_float -Wl,--start-group -lc -lm -Wl,--end-group
Finished building target: STM32_mainmodule.elf
 
arm-none-eabi-size  STM32_mainmodule.elf 
arm-none-eabi-objdump -h -S STM32_mainmodule.elf  > "STM32_mainmodule.list"
   text	   data	    bss	    dec	    hex	filename
  56616	    632	   7792	  65040	   fe10	STM32_mainmodule.elf
Finished building: default.size.stdout
 
Finished building: STM32_mainmodule.list
 
