23:12:08 **** Incremental Build of configuration Debug for project STM32_mainmodule ****
make -j24 all 
arm-none-eabi-gcc "../Core/Src/main.c" -mcpu=cortex-m4 -std=gnu11 -g3 -DDEBUG -DUSE_HAL_DRIVER -DSTM32F411xE -c -I../Core/Inc -I../Drivers/STM32F4xx_HAL_Driver/Inc -I../Drivers/STM32F4xx_HAL_Driver/Inc/Legacy -I../Drivers/CMSIS/Device/ST/STM32F4xx/Include -I../Drivers/CMSIS/Include -O0 -ffunction-sections -fdata-sections -Wall -fstack-usage -fcyclomatic-complexity -MMD -MP -MF"Core/Src/main.d" -MT"Core/Src/main.o" --specs=nano.specs -mfpu=fpv4-sp-d16 -mfloat-abi=hard -mthumb -o "Core/Src/main.o"
../Core/Src/main.c: In function 'main':
../Core/Src/main.c:113:38: warning: pointer targets in passing argument 2 of 'HAL_UART_Transmit' differ in signedness [-Wpointer-sign]
  113 |           HAL_UART_Transmit(&huart2, "hello", 6, 1000);
      |                                      ^~~~~~~
      |                                      |
      |                                      char *
In file included from ../Core/Inc/stm32f4xx_hal_conf.h:411,
                 from ../Drivers/STM32F4xx_HAL_Driver/Inc/stm32f4xx_hal.h:29,
                 from ../Core/Inc/main.h:30,
                 from ../Core/Src/main.c:20:
../Drivers/STM32F4xx_HAL_Driver/Inc/stm32f4xx_hal_uart.h:745:79: note: expected 'const uint8_t *' {aka 'const unsigned char *'} but argument is of type 'char *'
  745 | HAL_StatusTypeDef HAL_UART_Transmit(UART_HandleTypeDef *huart, const uint8_t *pData, uint16_t Size, uint32_t Timeout);
      |                                                                ~~~~~~~~~~~~~~~^~~~~
arm-none-eabi-gcc -o "STM32_mainmodule.elf" @"objects.list"   -mcpu=cortex-m4 -T"C:\University\2026-Summer\Project\ARTP\firmware\stm32_firmware\STM32_mainmodule\STM32_mainmodule\STM32F411RETX_FLASH.ld" --specs=nosys.specs -Wl,-Map="STM32_mainmodule.map" -Wl,--gc-sections -static --specs=nano.specs -mfpu=fpv4-sp-d16 -mfloat-abi=hard -mthumb -Wl,--start-group -lc -lm -Wl,--end-group
Finished building target: STM32_mainmodule.elf
 
arm-none-eabi-size  STM32_mainmodule.elf 
arm-none-eabi-objdump -h -S STM32_mainmodule.elf  > "STM32_mainmodule.list"
   text	   data	    bss	    dec	    hex	filename
  12800	    104	   1984	  14888	   3a28	STM32_mainmodule.elf
Finished building: default.size.stdout
 
Finished building: STM32_mainmodule.list
 
23:12:50 **** Incremental Build of configuration Debug for project STM32_mainmodule ****
make -j24 all 
arm-none-eabi-size  STM32_mainmodule.elf 
   text	   data	    bss	    dec	    hex	filename
  12800	    104	   1984	  14888	   3a28	STM32_mainmodule.elf
Finished building: default.size.stdout
 
23:14:25 **** Incremental Build of configuration Debug for project STM32_mainmodule ****
make -j24 all 
arm-none-eabi-size  STM32_mainmodule.elf 
   text	   data	    bss	    dec	    hex	filename
  12800	    104	   1984	  14888	   3a28	STM32_mainmodule.elf
Finished building: default.size.stdout
 
